Archive member included because of file (symbol)

c:/program files (x86)/atmel/avr32studio/studio/avr32 studio/plugins/com.atmel.avr.toolchains.win32.x86_3.0.0.201009140852/os/win32/x86/bin/../lib/gcc/avr32/4.3.3/../../../../avr32/lib/ucr2\libm.a(lib_a-w_sqrt.o)
                              App\app.o (sqrt)
c:/program files (x86)/atmel/avr32studio/studio/avr32 studio/plugins/com.atmel.avr.toolchains.win32.x86_3.0.0.201009140852/os/win32/x86/bin/../lib/gcc/avr32/4.3.3/../../../../avr32/lib/ucr2\libm.a(lib_a-e_sqrt.o)
                              c:/program files (x86)/atmel/avr32studio/studio/avr32 studio/plugins/com.atmel.avr.toolchains.win32.x86_3.0.0.201009140852/os/win32/x86/bin/../lib/gcc/avr32/4.3.3/../../../../avr32/lib/ucr2\libm.a(lib_a-w_sqrt.o) (__ieee754_sqrt)
c:/program files (x86)/atmel/avr32studio/studio/avr32 studio/plugins/com.atmel.avr.toolchains.win32.x86_3.0.0.201009140852/os/win32/x86/bin/../lib/gcc/avr32/4.3.3/../../../../avr32/lib/ucr2\libm.a(lib_a-s_isnand.o)
                              c:/program files (x86)/atmel/avr32studio/studio/avr32 studio/plugins/com.atmel.avr.toolchains.win32.x86_3.0.0.201009140852/os/win32/x86/bin/../lib/gcc/avr32/4.3.3/../../../../avr32/lib/ucr2\libm.a(lib_a-w_sqrt.o) (__isnand)
c:/program files (x86)/atmel/avr32studio/studio/avr32 studio/plugins/com.atmel.avr.toolchains.win32.x86_3.0.0.201009140852/os/win32/x86/bin/../lib/gcc/avr32/4.3.3/../../../../avr32/lib/ucr2\libm.a(lib_a-s_lib_ver.o)
                              c:/program files (x86)/atmel/avr32studio/studio/avr32 studio/plugins/com.atmel.avr.toolchains.win32.x86_3.0.0.201009140852/os/win32/x86/bin/../lib/gcc/avr32/4.3.3/../../../../avr32/lib/ucr2\libm.a(lib_a-w_sqrt.o) (__fdlib_version)
c:/program files (x86)/atmel/avr32studio/studio/avr32 studio/plugins/com.atmel.avr.toolchains.win32.x86_3.0.0.201009140852/os/win32/x86/bin/../lib/gcc/avr32/4.3.3/../../../../avr32/lib/ucr2\libm.a(lib_a-s_matherr.o)
                              c:/program files (x86)/atmel/avr32studio/studio/avr32 studio/plugins/com.atmel.avr.toolchains.win32.x86_3.0.0.201009140852/os/win32/x86/bin/../lib/gcc/avr32/4.3.3/../../../../avr32/lib/ucr2\libm.a(lib_a-w_sqrt.o) (matherr)
c:/program files (x86)/atmel/avr32studio/studio/avr32 studio/plugins/com.atmel.avr.toolchains.win32.x86_3.0.0.201009140852/os/win32/x86/bin/../lib/gcc/avr32/4.3.3/ucr2\libgcc.a(_avr32_f64_mul.o)
                              c:/program files (x86)/atmel/avr32studio/studio/avr32 studio/plugins/com.atmel.avr.toolchains.win32.x86_3.0.0.201009140852/os/win32/x86/bin/../lib/gcc/avr32/4.3.3/../../../../avr32/lib/ucr2\libm.a(lib_a-e_sqrt.o) (__avr32_f64_mul)
c:/program files (x86)/atmel/avr32studio/studio/avr32 studio/plugins/com.atmel.avr.toolchains.win32.x86_3.0.0.201009140852/os/win32/x86/bin/../lib/gcc/avr32/4.3.3/ucr2\libgcc.a(_avr32_f64_addsub.o)
                              c:/program files (x86)/atmel/avr32studio/studio/avr32 studio/plugins/com.atmel.avr.toolchains.win32.x86_3.0.0.201009140852/os/win32/x86/bin/../lib/gcc/avr32/4.3.3/../../../../avr32/lib/ucr2\libm.a(lib_a-e_sqrt.o) (__avr32_f64_sub)
c:/program files (x86)/atmel/avr32studio/studio/avr32 studio/plugins/com.atmel.avr.toolchains.win32.x86_3.0.0.201009140852/os/win32/x86/bin/../lib/gcc/avr32/4.3.3/ucr2\libgcc.a(_avr32_s32_to_f64.o)
                              App\app.o (__avr32_s32_to_f64)
c:/program files (x86)/atmel/avr32studio/studio/avr32 studio/plugins/com.atmel.avr.toolchains.win32.x86_3.0.0.201009140852/os/win32/x86/bin/../lib/gcc/avr32/4.3.3/ucr2\libgcc.a(_avr32_f64_cmp_lt.o)
                              c:/program files (x86)/atmel/avr32studio/studio/avr32 studio/plugins/com.atmel.avr.toolchains.win32.x86_3.0.0.201009140852/os/win32/x86/bin/../lib/gcc/avr32/4.3.3/../../../../avr32/lib/ucr2\libm.a(lib_a-w_sqrt.o) (__avr32_f64_cmp_lt)
c:/program files (x86)/atmel/avr32studio/studio/avr32 studio/plugins/com.atmel.avr.toolchains.win32.x86_3.0.0.201009140852/os/win32/x86/bin/../lib/gcc/avr32/4.3.3/ucr2\libgcc.a(_avr32_f32_cmp_lt.o)
                              App\app.o (__avr32_f32_cmp_lt)
c:/program files (x86)/atmel/avr32studio/studio/avr32 studio/plugins/com.atmel.avr.toolchains.win32.x86_3.0.0.201009140852/os/win32/x86/bin/../lib/gcc/avr32/4.3.3/ucr2\libgcc.a(_avr32_f64_div.o)
                              App\app.o (__avr32_f64_div)
c:/program files (x86)/atmel/avr32studio/studio/avr32 studio/plugins/com.atmel.avr.toolchains.win32.x86_3.0.0.201009140852/os/win32/x86/bin/../lib/gcc/avr32/4.3.3/ucr2\libgcc.a(_avr32_s32_to_f32.o)
                              App\app.o (__avr32_s32_to_f32)
c:/program files (x86)/atmel/avr32studio/studio/avr32 studio/plugins/com.atmel.avr.toolchains.win32.x86_3.0.0.201009140852/os/win32/x86/bin/../lib/gcc/avr32/4.3.3/ucr2\libgcc.a(_avr32_f32_to_f64.o)
                              App\app.o (__avr32_f32_to_f64)
[...]
Memory Configuration

Name             Origin             Length             Attributes
INTRAM           0x00000004         0x0000fffc         axw !rl
FLASH            0x80000000         0x00080000         axrl !w
SDRAM            0xd0000000         0x01000000         axrl !w
*default*        0x00000000         0xffffffff

Linker script and memory map

                0x00001000                _stack_size = 0x1000
LOAD c:/program files (x86)/atmel/avr32studio/studio/avr32 studio/plugins/com.atmel.avr.toolchains.win32.x86_3.0.0.201009140852/os/win32/x86/bin/../lib/gcc/avr32/4.3.3/../../../../avr32/lib/ucr2/crt0.o
LOAD c:/program files (x86)/atmel/avr32studio/studio/avr32 studio/plugins/com.atmel.avr.toolchains.win32.x86_3.0.0.201009140852/os/win32/x86/bin/../lib/gcc/avr32/4.3.3/ucr2/crti.o
LOAD c:/program files (x86)/atmel/avr32studio/studio/avr32 studio/plugins/com.atmel.avr.toolchains.win32.x86_3.0.0.201009140852/os/win32/x86/bin/../lib/gcc/avr32/4.3.3/ucr2/crtbegin.o
LOAD uCOS-II\Source\os_tmr.o
LOAD uCOS-II\Source\os_time.o
LOAD uCOS-II\Source\os_task.o
LOAD uCOS-II\Source\os_sem.o
LOAD uCOS-II\Source\os_q.o
LOAD uCOS-II\Source\os_mutex.o
LOAD uCOS-II\Source\os_mem.o
LOAD uCOS-II\Source\os_mbox.o
LOAD uCOS-II\Source\os_flag.o
LOAD uCOS-II\Source\os_core.o
LOAD uCOS-II\Ports\AVR32\UC3\GNU\os_dbg.o
LOAD uCOS-II\Ports\AVR32\UC3\GNU\os_cpu_c.o
LOAD uCOS-II\Ports\AVR32\UC3\GNU\os_cpu_a.o
LOAD uC-CPU\AVR32\UC3\GNU\cpu_a.o
LOAD sdramc\sdramc.o
LOAD sdramc\gpio.o
LOAD BSP\vectors.o
LOAD BSP\pdca.o
LOAD BSP\bsp.o
LOAD App\app.o
LOAD App\UartPrint.o
LOAD .metadata\.plugins\org.eclipse.cdt.make.core\specs.o
LOAD c:/program files (x86)/atmel/avr32studio/studio/avr32 studio/plugins/com.atmel.avr.toolchains.win32.x86_3.0.0.201009140852/os/win32/x86/bin/../lib/gcc/avr32/4.3.3/../../../../avr32/lib/ucr2\libm.a
LOAD c:/program files (x86)/atmel/avr32studio/studio/avr32 studio/plugins/com.atmel.avr.toolchains.win32.x86_3.0.0.201009140852/os/win32/x86/bin/../lib/gcc/avr32/4.3.3/ucr2\libgcc.a
LOAD c:/program files (x86)/atmel/avr32studio/studio/avr32 studio/plugins/com.atmel.avr.toolchains.win32.x86_3.0.0.201009140852/os/win32/x86/bin/../lib/gcc/avr32/4.3.3/../../../../avr32/lib/ucr2\libc.a
LOAD c:/program files (x86)/atmel/avr32studio/studio/avr32 studio/plugins/com.atmel.avr.toolchains.win32.x86_3.0.0.201009140852/os/win32/x86/bin/../lib/gcc/avr32/4.3.3/ucr2\libgcc.a
LOAD c:/program files (x86)/atmel/avr32studio/studio/avr32 studio/plugins/com.atmel.avr.toolchains.win32.x86_3.0.0.201009140852/os/win32/x86/bin/../lib/gcc/avr32/4.3.3/ucr2/crtend.o
LOAD c:/program files (x86)/atmel/avr32studio/studio/avr32 studio/plugins/com.atmel.avr.toolchains.win32.x86_3.0.0.201009140852/os/win32/x86/bin/../lib/gcc/avr32/4.3.3/ucr2/crtn.o
                0x00001400                __stack_size = 0x1400
                0x00001400                __heap_size = 0x1400
                0x80000000                PROVIDE (__executable_start, 0x80000000)
                0x80000000                . = 0x80000000

.interp
 *(.interp)

.reset          0x80000000        0x8
 *(.reset)
 .reset         0x80000000        0x8 c:/program files (x86)/atmel/avr32studio/studio/avr32 studio/plugins/com.atmel.avr.toolchains.win32.x86_3.0.0.201009140852/os/win32/x86/bin/../lib/gcc/avr32/4.3.3/../../../../avr32/lib/ucr2/crt0.o
                0x80000000                _start
                0x00000008                . = (. & 0x1fffffff)

.hash
 *(.hash)

.dynsym
 *(.dynsym)

.dynstr
 *(.dynstr)

.gnu.version
 *(.gnu.version)

.gnu.version_d
 *(.gnu.version_d)

.gnu.version_r
 *(.gnu.version_r)

.rel.init
 *(.rel.init)

.rela.init
 *(.rela.init)

.rel.text
 *(.rel.text .rel.text.* .rel.gnu.linkonce.t.*)

.rela.text
 *(.rela.text .rela.text.* .rela.gnu.linkonce.t.*)

.rel.fini
 *(.rel.fini)

.rela.fini
 *(.rela.fini)

.rel.rodata
 *(.rel.rodata .rel.rodata.* .rel.gnu.linkonce.r.*)

.rela.rodata
 *(.rela.rodata .rela.rodata.* .rela.gnu.linkonce.r.*)

.rel.data.rel.ro
 *(.rel.data.rel.ro*)

.rela.data.rel.ro
 *(.rel.data.rel.ro*)

.rel.data
 *(.rel.data .rel.data.* .rel.gnu.linkonce.d.*)

.rela.data
 *(.rela.data .rela.data.* .rela.gnu.linkonce.d.*)

.rel.tdata
 *(.rel.tdata .rel.tdata.* .rel.gnu.linkonce.td.*)

.rela.tdata
 *(.rela.tdata .rela.tdata.* .rela.gnu.linkonce.td.*)

.rel.tbss
 *(.rel.tbss .rel.tbss.* .rel.gnu.linkonce.tb.*)

.rela.tbss
 *(.rela.tbss .rela.tbss.* .rela.gnu.linkonce.tb.*)

.rel.ctors
 *(.rel.ctors)

.rela.ctors
 *(.rela.ctors)

.rel.dtors
 *(.rel.dtors)

.rela.dtors
 *(.rela.dtors)

.rel.got
 *(.rel.got)

.rela.got       0x80000008        0x0
 *(.rela.got)
 .rela.got      0x80000008        0x0 c:/program files (x86)/atmel/avr32studio/studio/avr32 studio/plugins/com.atmel.avr.toolchains.win32.x86_3.0.0.201009140852/os/win32/x86/bin/../lib/gcc/avr32/4.3.3/../../../../avr32/lib/ucr2/crt0.o

.rel.bss
 *(.rel.bss .rel.bss.* .rel.gnu.linkonce.b.*)

.rela.bss
 *(.rela.bss .rela.bss.* .rela.gnu.linkonce.b.*)

.rel.plt
 *(.rel.plt)

.rela.plt
 *(.rela.plt)

.init           0x80000008       0x1c
 *(.init)
 .init          0x80000008       0x10 c:/program files (x86)/atmel/avr32studio/studio/avr32 studio/plugins/com.atmel.avr.toolchains.win32.x86_3.0.0.201009140852/os/win32/x86/bin/../lib/gcc/avr32/4.3.3/ucr2/crti.o
                0x80000008                _init
 .init          0x80000018        0x4 c:/program files (x86)/atmel/avr32studio/studio/avr32 studio/plugins/com.atmel.avr.toolchains.win32.x86_3.0.0.201009140852/os/win32/x86/bin/../lib/gcc/avr32/4.3.3/ucr2/crtbegin.o
 .init          0x8000001c        0x4 c:/program files (x86)/atmel/avr32studio/studio/avr32 studio/plugins/com.atmel.avr.toolchains.win32.x86_3.0.0.201009140852/os/win32/x86/bin/../lib/gcc/avr32/4.3.3/ucr2/crtend.o
 .init          0x80000020        0x4 c:/program files (x86)/atmel/avr32studio/studio/avr32 studio/plugins/com.atmel.avr.toolchains.win32.x86_3.0.0.201009140852/os/win32/x86/bin/../lib/gcc/avr32/4.3.3/ucr2/crtn.o

.plt
 *(.plt)

.text           0x80000024     0x7760
 *(.text .stub .text.* .gnu.linkonce.t.*)
 .text          0x80000024       0x84 c:/program files (x86)/atmel/avr32studio/studio/avr32 studio/plugins/com.atmel.avr.toolchains.win32.x86_3.0.0.201009140852/os/win32/x86/bin/../lib/gcc/avr32/4.3.3/../../../../avr32/lib/ucr2/crt0.o
                0x80000024                _stext
 .text          0x800000a8       0x64 c:/program files (x86)/atmel/avr32studio/studio/avr32 studio/plugins/com.atmel.avr.toolchains.win32.x86_3.0.0.201009140852/os/win32/x86/bin/../lib/gcc/avr32/4.3.3/ucr2/crtbegin.o
 .text.OSTaskCreateExt
                0x8000010c      0x168 uCOS-II\Source\os_task.o
                0x8000010c                OSTaskCreateExt
 .text.OSTaskNameSet
                0x80000274      0x104 uCOS-II\Source\os_task.o
                0x80000274                OSTaskNameSet
 .text.OS_TaskStkClr
                0x80000378       0x58 uCOS-II\Source\os_task.o
                0x80000378                OS_TaskStkClr
 .text.OSSemCreate
                0x800003d0       0xb8 uCOS-II\Source\os_sem.o
                0x800003d0                OSSemCreate
 .text.OSSemQuery
                0x80000488       0xc8 uCOS-II\Source\os_sem.o
                0x80000488                OSSemQuery
 .text.OSSemSet
                0x80000550       0x94 uCOS-II\Source\os_sem.o
                0x80000550                OSSemSet
 .text.OSQCreate
                0x800005e4      0x158 uCOS-II\Source\os_q.o
                0x800005e4                OSQCreate
 .text.OSQPend  0x8000073c      0x1f0 uCOS-II\Source\os_q.o
                0x8000073c                OSQPend
 .text.OSQPost  0x8000092c      0x104 uCOS-II\Source\os_q.o
                0x8000092c                OSQPost
 .text.OS_QInit
                0x80000a30       0x80 uCOS-II\Source\os_q.o
                0x80000a30                OS_QInit
 .text.OSMemCreate
                0x80000ab0      0x124 uCOS-II\Source\os_mem.o
                0x80000ab0                OSMemCreate
 .text.OSMemGet
                0x80000bd4       0x94 uCOS-II\Source\os_mem.o
                0x80000bd4                OSMemGet
 .text.OSMemNameSet
                0x80000c68       0xa0 uCOS-II\Source\os_mem.o
                0x80000c68                OSMemNameSet
 .text.OSMemPut
                0x80000d08       0x88 uCOS-II\Source\os_mem.o
                0x80000d08                OSMemPut
 .text.OS_MemInit
                0x80000d90       0xa8 uCOS-II\Source\os_mem.o
                0x80000d90                OS_MemInit
 .text.OSFlagCreate
                0x80000e38       0xcc uCOS-II\Source\os_flag.o
                0x80000e38                OSFlagCreate
 .text.OSFlagNameSet
                0x80000f04       0xc0 uCOS-II\Source\os_flag.o
                0x80000f04                OSFlagNameSet
 .text.OSFlagPend
                0x80000fc4      0x4b8 uCOS-II\Source\os_flag.o
                0x80000fc4                OSFlagPend
 .text.OSFlagPost
                0x8000147c      0x2e0 uCOS-II\Source\os_flag.o
                0x8000147c                OSFlagPost
 .text.OSFlagQuery
                0x8000175c       0x74 uCOS-II\Source\os_flag.o
                0x8000175c                OSFlagQuery
 .text.OS_FlagBlock
                0x800017d0      0x134 uCOS-II\Source\os_flag.o
 .text.OS_FlagInit
                0x80001904       0xb8 uCOS-II\Source\os_flag.o
                0x80001904                OS_FlagInit
 .text.OS_FlagTaskRdy
                0x800019bc       0xd0 uCOS-II\Source\os_flag.o
 .text.OS_FlagUnlink
                0x80001a8c       0x82 uCOS-II\Source\os_flag.o
                0x80001a8c                OS_FlagUnlink
 *fill*         0x80001b0e        0x2 d703d703
 .text          0x80001b10      0x110 uCOS-II\Source\os_core.o
                0x80001b10                OSUnMapTbl
 .text.OSInit   0x80001c20       0x64 uCOS-II\Source\os_core.o
                0x80001c20                OSInit
 .text.OSIntExit
                0x80001c84       0xb8 uCOS-II\Source\os_core.o
                0x80001c84                OSIntExit
 .text.OSStart  0x80001d3c       0x5c uCOS-II\Source\os_core.o
                0x80001d3c                OSStart
 .text.OSTimeTick
                0x80001d98      0x1ac uCOS-II\Source\os_core.o
                0x80001d98                OSTimeTick
 .text.OS_EventTaskRdy
                0x80001f44      0x120 uCOS-II\Source\os_core.o
                0x80001f44                OS_EventTaskRdy
 .text.OS_EventTaskWait
                0x80002064       0xe4 uCOS-II\Source\os_core.o
                0x80002064                OS_EventTaskWait
 .text.OS_EventTaskRemove
                0x80002148       0x92 uCOS-II\Source\os_core.o
                0x80002148                OS_EventTaskRemove
 .text.OS_EventWaitListInit
                0x800021da       0x58 uCOS-II\Source\os_core.o
                0x800021da                OS_EventWaitListInit
 *fill*         0x80002232        0x2 d703d703
 .text.OS_InitEventList
                0x80002234       0xb8 uCOS-II\Source\os_core.o
 .text.OS_InitMisc
                0x800022ec       0x50 uCOS-II\Source\os_core.o
 .text.OS_InitRdyList
                0x8000233c       0x7c uCOS-II\Source\os_core.o
 .text.OS_InitTaskIdle
                0x800023b8       0x58 uCOS-II\Source\os_core.o
 .text.OS_InitTCBList
                0x80002410       0xc0 uCOS-II\Source\os_core.o
 .text.OS_MemClr
                0x800024d0       0x42 uCOS-II\Source\os_core.o
                0x800024d0                OS_MemClr
 *fill*         0x80002512        0x2 d703d703
 .text.OS_Sched
                0x80002514       0x90 uCOS-II\Source\os_core.o
                0x80002514                OS_Sched
 .text.OS_SchedNew
                0x800025a4       0x54 uCOS-II\Source\os_core.o
 .text.OS_StrCopy
                0x800025f8       0x60 uCOS-II\Source\os_core.o
                0x800025f8                OS_StrCopy
 .text.OS_StrLen
                0x80002658       0x3e uCOS-II\Source\os_core.o
                0x80002658                OS_StrLen
 *fill*         0x80002696        0x2 d703d703
 .text.OS_TaskIdle
                0x80002698       0x48 uCOS-II\Source\os_core.o
                0x80002698                OS_TaskIdle
 .text.OS_TCBInit
                0x800026e0      0x254 uCOS-II\Source\os_core.o
                0x800026e0                OS_TCBInit
 .text          0x80002934       0x74 uCOS-II\Ports\AVR32\UC3\GNU\os_dbg.o
                0x80002934                OSDebugEn
                0x80002938                OSEndiannessTest
                0x8000293c                OSEventEn
                0x8000293e                OSEventMax
                0x80002940                OSEventNameSize
                0x80002942                OSEventSize
                0x80002944                OSEventTblSize
                0x80002946                OSEventMultiEn
                0x80002948                OSFlagEn
                0x8000294a                OSFlagGrpSize
                0x8000294c                OSFlagNodeSize
                0x8000294e                OSFlagWidth
                0x80002950                OSFlagMax
                0x80002952                OSFlagNameSize
                0x80002954                OSLowestPrio
                0x80002956                OSMboxEn
                0x80002958                OSMemEn
                0x8000295a                OSMemMax
                0x8000295c                OSMemNameSize
                0x8000295e                OSMemSize
                0x80002960                OSMemTblSize
                0x80002962                OSMutexEn
                0x80002964                OSPtrSize
                0x80002966                OSQEn
                0x80002968                OSQMax
                0x8000296a                OSQSize
                0x8000296c                OSRdyTblSize
                0x8000296e                OSSemEn
                0x80002970                OSStkWidth
                0x80002972                OSTaskCreateEn
                0x80002974                OSTaskCreateExtEn
                0x80002976                OSTaskDelEn
                0x80002978                OSTaskIdleStkSize
                0x8000297a                OSTaskProfileEn
                0x8000297c                OSTaskMax
                0x8000297e                OSTaskNameSize
                0x80002980                OSTaskStatEn
                0x80002982                OSTaskStatStkSize
                0x80002984                OSTaskStatStkChkEn
                0x80002986                OSTaskSwHookEn
                0x80002988                OSTCBPrioTblMax
                0x8000298a                OSTCBSize
                0x8000298c                OSTicksPerSec
                0x8000298e                OSTimeTickHookEn
                0x80002990                OSVersionNbr
                0x80002992                OSTmrEn
                0x80002994                OSTmrCfgMax
                0x80002996                OSTmrCfgNameSize
                0x80002998                OSTmrCfgWheelSize
                0x8000299a                OSTmrCfgTicksPerSec
                0x8000299c                OSTmrSize
                0x8000299e                OSTmrTblSize
                0x800029a0                OSTmrWheelSize
                0x800029a2                OSTmrWheelTblSize
                0x800029a4                OSDataSize
 .text.OSDebugInit
                0x800029a8      0x1dc uCOS-II\Ports\AVR32\UC3\GNU\os_dbg.o
                0x800029a8                OSDebugInit
 .text.OSInitHookBegin
                0x80002b84        0xa uCOS-II\Ports\AVR32\UC3\GNU\os_cpu_c.o
                0x80002b84                OSInitHookBegin
 .text.OSInitHookEnd
                0x80002b8e        0xa uCOS-II\Ports\AVR32\UC3\GNU\os_cpu_c.o
                0x80002b8e                OSInitHookEnd
 .text.OSTaskCreateHook
                0x80002b98       0x20 uCOS-II\Ports\AVR32\UC3\GNU\os_cpu_c.o
                0x80002b98                OSTaskCreateHook
 .text.OSTaskIdleHook
                0x80002bb8       0x14 uCOS-II\Ports\AVR32\UC3\GNU\os_cpu_c.o
                0x80002bb8                OSTaskIdleHook
 .text.OSTaskStkInit
                0x80002bcc      0x18e uCOS-II\Ports\AVR32\UC3\GNU\os_cpu_c.o
                0x80002bcc                OSTaskStkInit
 *fill*         0x80002d5a        0x2 d703d703
 .text.OSTaskSwHook
                0x80002d5c       0x14 uCOS-II\Ports\AVR32\UC3\GNU\os_cpu_c.o
                0x80002d5c                OSTaskSwHook
 .text.OSTCBInitHook
                0x80002d70       0x20 uCOS-II\Ports\AVR32\UC3\GNU\os_cpu_c.o
                0x80002d70                OSTCBInitHook
 .text.OSTimeTickHook
                0x80002d90       0x14 uCOS-II\Ports\AVR32\UC3\GNU\os_cpu_c.o
                0x80002d90                OSTimeTickHook
 .text.OSIntCtxSw
                0x80002da4       0x44 uCOS-II\Ports\AVR32\UC3\GNU\os_cpu_c.o
                0x80002da4                OSIntCtxSw
 .text.OSStartHighRdy
                0x80002de8       0x30 uCOS-II\Ports\AVR32\UC3\GNU\os_cpu_c.o
                0x80002de8                OSStartHighRdy
 .text          0x80002e18       0xda uCOS-II\Ports\AVR32\UC3\GNU\os_cpu_a.o
                0x80002e18                OSCtxSw
                0x80002e7c                OSCtxRestore
                0x80002e98                OSIntCtxRestore
                0x80002e9e                OSIntISRHandler
                0x80002eca                OSFastIntISRHandler
 .text          0x80002ef2       0xb8 uC-CPU\AVR32\UC3\GNU\cpu_a.o
                0x80002ef2                CPU_SR_Save
                0x80002efe                CPU_SR_Restore
                0x80002f12                CPU_IntDis
                0x80002f1a                CPU_IntEn
                0x80002f1e                CPU_ExceptDis
                0x80002f22                CPU_ExceptEn
                0x80002f26                CPU_Reset
                0x80002f8c                CPU_SysReg_Get_Count
                0x80002f92                CPU_SysReg_Get_Config0
                0x80002f98                CPU_SysReg_Get_Compare
                0x80002f9e                CPU_SysReg_Set_Compare
                0x80002fa4                CPU_CntLeadZeros
 .text          0x80002faa       0x4e sdramc\sdramc.o
 .text.sdramc_ck_delay
                0x80002ff8       0x56 sdramc\sdramc.o
 *fill*         0x8000304e        0x2 d703d703
 .text.sdramc_enable_muxed_pins
                0x80003050       0x1c sdramc\sdramc.o
 .text.testSdram
                0x8000306c       0x5e sdramc\sdramc.o
                0x8000306c                testSdram
 *fill*         0x800030ca        0x2 d703d703
 .text.sdramc_init
                0x800030cc      0x29c sdramc\sdramc.o
                0x800030cc                sdramc_init
 .text.gpio_enable_module
                0x80003368       0x70 sdramc\gpio.o
                0x80003368                gpio_enable_module
 .text.gpio_enable_module_pin
                0x800033d8       0xfc sdramc\gpio.o
                0x800033d8                gpio_enable_module_pin
 .text.Is_global_interrupt_enabled
                0x800034d4       0x28 BSP\pdca.o
                0x800034d4                Is_global_interrupt_enabled
 .text.Enable_global_interrupt
                0x800034fc       0x14 BSP\pdca.o
                0x800034fc                Enable_global_interrupt
 .text.Disable_global_interrupt
                0x80003510       0x14 BSP\pdca.o
                0x80003510                Disable_global_interrupt
 .text.pdca_get_handler
                0x80003524       0x40 BSP\pdca.o
                0x80003524                pdca_get_handler
 .text.pdca_init_channel
                0x80003564       0xd0 BSP\pdca.o
                0x80003564                pdca_init_channel
 .text.pdca_get_interrupt_status
                0x80003634       0x2c BSP\pdca.o
                0x80003634                pdca_get_interrupt_status
 .text.pdca_enable
                0x80003660       0x2c BSP\pdca.o
                0x80003660                pdca_enable
 .text.pdca_load_channel
                0x8000368c       0x80 BSP\pdca.o
                0x8000368c                pdca_load_channel
 .text.pdca_reload_channel
                0x8000370c       0x80 BSP\pdca.o
                0x8000370c                pdca_reload_channel
 .text.pdca_enable_interrupt_transfer_error
                0x8000378c       0x2c BSP\pdca.o
                0x8000378c                pdca_enable_interrupt_transfer_error
 .text.pdca_disable_interrupt_transfer_complete
                0x800037b8       0x60 BSP\pdca.o
                0x800037b8                pdca_disable_interrupt_transfer_complete
 .text.pdca_enable_interrupt_transfer_complete
                0x80003818       0x2c BSP\pdca.o
                0x80003818                pdca_enable_interrupt_transfer_complete
 .text.pdca_disable_interrupt_reload_counter_zero
                0x80003844       0x60 BSP\pdca.o
                0x80003844                pdca_disable_interrupt_reload_counter_zero
 .text.pdca_enable_interrupt_reload_counter_zero
                0x800038a4       0x2c BSP\pdca.o
                0x800038a4                pdca_enable_interrupt_reload_counter_zero
 .text          0x800038d0      0x10c BSP\bsp.o
                0x800038d0                BSP_INTC_Handlers
 .text.BSP_Init
                0x800039dc       0x98 BSP\bsp.o
                0x800039dc                BSP_Init
 .text.BSP_PM_OSC0Setup
                0x80003a74       0x50 BSP\bsp.o
 .text.BSP_PM_PLL0Setup
                0x80003ac4       0xf4 BSP\bsp.o
 .text.BSP_PM_GClkSetup
                0x80003bb8       0x68 BSP\bsp.o
 .text.BSP_PM_ClkSelect
                0x80003c20       0xfa BSP\bsp.o
 .text.BSP_PM_ClkSwitch
                0x80003d1a       0x46 BSP\bsp.o
 .text.BSP_INTC_IntUnhandled
                0x80003d60        0x8 BSP\bsp.o
 .text.BSP_INTC_IntGetHandler
                0x80003d68       0x88 BSP\bsp.o
                0x80003d68                BSP_INTC_IntGetHandler
 .text.mtEVBA   0x80003df0       0x16 BSP\bsp.o
                0x80003df0                mtEVBA
 *fill*         0x80003e06        0x2 d703d703
 .text.BSP_INTC_Init
                0x80003e08       0x98 BSP\bsp.o
 .text.BSP_INTC_IntReg
                0x80003ea0       0xcc BSP\bsp.o
                0x80003ea0                BSP_INTC_IntReg
 .text.BSP_FLASHC_SetWaitState
                0x80003f6c       0x48 BSP\bsp.o
 .text.BSP_GPIO_SetFnct
                0x80003fb4      0x132 BSP\bsp.o
                0x80003fb4                BSP_GPIO_SetFnct
 .text.BSP_GPIO_PinGet
                0x800040e6       0xb8 BSP\bsp.o
                0x800040e6                BSP_GPIO_PinGet
 .text.BSP_GPIO_PinSet
                0x8000419e       0x6e BSP\bsp.o
                0x8000419e                BSP_GPIO_PinSet
 .text.BSP_GPIO_PinClr
                0x8000420c       0x6e BSP\bsp.o
                0x8000420c                BSP_GPIO_PinClr
 .text.BSP_GPIO_PinTgl
                0x8000427a       0x6e BSP\bsp.o
                0x8000427a                BSP_GPIO_PinTgl
 .text.BSP_CPU_ClkFreq
                0x800042e8       0xf4 BSP\bsp.o
                0x800042e8                BSP_CPU_ClkFreq
 .text.BSP_PBA_ClkFreq
                0x800043dc       0xf4 BSP\bsp.o
                0x800043dc                BSP_PBA_ClkFreq
 .text.BSP_USART_Init
                0x800044d0      0x17c BSP\bsp.o
                0x800044d0                BSP_USART_Init
 .text.BSP_TmrInit
                0x8000464c       0x5c BSP\bsp.o
 .text.BSP_TmrReload
                0x800046a8       0x5c BSP\bsp.o
 .text.BSP_TmrTickISR
                0x80004704       0x1c BSP\bsp.o
 .text.LED_Init
                0x80004720       0x14 BSP\bsp.o
 .text.LED_On   0x80004734       0xa8 BSP\bsp.o
                0x80004734                LED_On
 .text.LED_Off  0x800047dc       0xa8 BSP\bsp.o
                0x800047dc                LED_Off
 .text.LED_Toggle
                0x80004884       0xa8 BSP\bsp.o
                0x80004884                LED_Toggle
 .text          0x8000492c      0x27c App\app.o
 .text.Calculator01_scoreMinute
                0x80004ba8       0x98 App\app.o
                0x80004ba8                Calculator01_scoreMinute
 .text.ScoreCalculatorMethod
                0x80004c40       0x90 App\app.o
 .text.createScoreThreadItems
                0x80004cd0       0x94 App\app.o
                0x80004cd0                createScoreThreadItems
 .text.resetApp_TimeTickData
                0x80004d64       0x1c App\app.o
                0x80004d64                resetApp_TimeTickData
 .text.App_TimeTickHook
                0x80004d80      0x1a4 App\app.o
                0x80004d80                App_TimeTickHook
 .text.CalculationTable01_init
                0x80004f24       0x14 App\app.o
                0x80004f24                CalculationTable01_init
 .text.CalculationTable01_reset
                0x80004f38       0x48 App\app.o
                0x80004f38                CalculationTable01_reset
 .text.CalculationTable01_sendMinuteSnapShot
                0x80004f80      0x10c App\app.o
                0x80004f80                CalculationTable01_sendMinuteSnapShot
 .text.resetSec100Data
                0x8000508c       0x4c App\app.o
                0x8000508c                resetSec100Data
 .text.calc01Correlation
                0x800050d8       0x94 App\app.o
                0x800050d8                calc01Correlation
 .text.addToCalctable01
                0x8000516c      0x34c App\app.o
                0x8000516c                addToCalctable01
 .text.Sec100CalculatorMethod
                0x800054b8      0x2d0 App\app.o
 .text.createSec100ThreadItems
                0x80005788       0xa0 App\app.o
                0x80005788                createSec100ThreadItems
 .text.createCalcControllerThreadItems
                0x80005828       0x90 App\app.o
                0x80005828                createCalcControllerThreadItems
 .text.CalcControllerMethod
                0x800058b8       0xc4 App\app.o
 .text.AppTaskCreate
                0x8000597c       0x7c App\app.o
 .text.App_TaskCreateHook
                0x800059f8       0x12 App\app.o
                0x800059f8                App_TaskCreateHook
 .text.App_TaskIdleHook
                0x80005a0a        0xa App\app.o
                0x80005a0a                App_TaskIdleHook
 .text.App_TCBInitHook
                0x80005a14       0x12 App\app.o
                0x80005a14                App_TCBInitHook
 .text.App_TaskSwHook
                0x80005a26        0xa App\app.o
                0x80005a26                App_TaskSwHook
 .text.main     0x80005a30       0x74 App\app.o
                0x80005a30                main
 .text          0x80005aa4       0x48 App\UartPrint.o
 .text.APP_PDCA_ISR
                0x80005aec       0xa4 App\UartPrint.o
                0x80005aec                APP_PDCA_ISR
 .text.initPDCA
                0x80005b90       0xe4 App\UartPrint.o
                0x80005b90                initPDCA
 .text.SerialQMethod
                0x80005c74      0x180 App\UartPrint.o
 .text.init_err_printf
                0x80005df4      0x148 App\UartPrint.o
                0x80005df4                init_err_printf
 .text.info_printf
                0x80005f3c       0xe8 App\UartPrint.o
                0x80005f3c                info_printf
 .text.err_printf
                0x80006024       0x40 App\UartPrint.o
                0x80006024                err_printf
 .text.sqrt     0x80006064       0xb4 c:/program files (x86)/atmel/avr32studio/studio/avr32 studio/plugins/com.atmel.avr.toolchains.win32.x86_3.0.0.201009140852/os/win32/x86/bin/../lib/gcc/avr32/4.3.3/../../../../avr32/lib/ucr2\libm.a(lib_a-w_sqrt.o)
                0x80006064                sqrt
 .text.__ieee754_sqrt
                0x80006118      0x1a8 c:/program files (x86)/atmel/avr32studio/studio/avr32 studio/plugins/com.atmel.avr.toolchains.win32.x86_3.0.0.201009140852/os/win32/x86/bin/../lib/gcc/avr32/4.3.3/../../../../avr32/lib/ucr2\libm.a(lib_a-e_sqrt.o)
                0x80006118                __ieee754_sqrt
 .text.__isnand
                0x800062c0       0x1a c:/program files (x86)/atmel/avr32studio/studio/avr32 studio/plugins/com.atmel.avr.toolchains.win32.x86_3.0.0.201009140852/os/win32/x86/bin/../lib/gcc/avr32/4.3.3/../../../../avr32/lib/ucr2\libm.a(lib_a-s_isnand.o)
                0x800062c0                __isnand
 .text.matherr  0x800062da        0x2 c:/program files (x86)/atmel/avr32studio/studio/avr32 studio/plugins/com.atmel.avr.toolchains.win32.x86_3.0.0.201009140852/os/win32/x86/bin/../lib/gcc/avr32/4.3.3/../../../../avr32/lib/ucr2\libm.a(lib_a-s_matherr.o)
                0x800062da                matherr
 .text          0x800062dc      0x1e4 c:/program files (x86)/atmel/avr32studio/studio/avr32 studio/plugins/com.atmel.avr.toolchains.win32.x86_3.0.0.201009140852/os/win32/x86/bin/../lib/gcc/avr32/4.3.3/ucr2\libgcc.a(_avr32_f64_mul.o)
                0x800062dc                __avr32_f64_mul
 .text          0x800064c0      0x2b8 c:/program files (x86)/atmel/avr32studio/studio/avr32 studio/plugins/com.atmel.avr.toolchains.win32.x86_3.0.0.201009140852/os/win32/x86/bin/../lib/gcc/avr32/4.3.3/ucr2\libgcc.a(_avr32_f64_addsub.o)
                0x800064c4                __avr32_f64_sub
                0x80006660                __avr32_f64_add
 .text          0x80006778       0xf6 c:/program files (x86)/atmel/avr32studio/studio/avr32 studio/plugins/com.atmel.avr.toolchains.win32.x86_3.0.0.201009140852/os/win32/x86/bin/../lib/gcc/avr32/4.3.3/ucr2\libgcc.a(_avr32_s32_to_f64.o)
                0x80006778                __avr32_u32_to_f64
                0x80006780                __avr32_s32_to_f64
 .text          0x8000686e       0x68 c:/program files (x86)/atmel/avr32studio/studio/avr32 studio/plugins/com.atmel.avr.toolchains.win32.x86_3.0.0.201009140852/os/win32/x86/bin/../lib/gcc/avr32/4.3.3/ucr2\libgcc.a(_avr32_f64_cmp_lt.o)
                0x8000686e                __avr32_f64_cmp_lt
 .text          0x800068d6       0x42 c:/program files (x86)/atmel/avr32studio/studio/avr32 studio/plugins/com.atmel.avr.toolchains.win32.x86_3.0.0.201009140852/os/win32/x86/bin/../lib/gcc/avr32/4.3.3/ucr2\libgcc.a(_avr32_f32_cmp_lt.o)
                0x800068d6                __avr32_f32_cmp_lt
 .text          0x80006918      0x328 c:/program files (x86)/atmel/avr32studio/studio/avr32 studio/plugins/com.atmel.avr.toolchains.win32.x86_3.0.0.201009140852/os/win32/x86/bin/../lib/gcc/avr32/4.3.3/ucr2\libgcc.a(_avr32_f64_div.o)
                0x80006928                __avr32_f64_div
 .text          0x80006c40       0x82 c:/program files (x86)/atmel/avr32studio/studio/avr32 studio/plugins/com.atmel.avr.toolchains.win32.x86_3.0.0.201009140852/os/win32/x86/bin/../lib/gcc/avr32/4.3.3/ucr2\libgcc.a(_avr32_s32_to_f32.o)
                0x80006c4e                __avr32_s32_to_f32
 .text          0x80006cc2       0x6e c:/program files (x86)/atmel/avr32studio/studio/avr32 studio/plugins/com.atmel.avr.toolchains.win32.x86_3.0.0.201009140852/os/win32/x86/bin/../lib/gcc/avr32/4.3.3/ucr2\libgcc.a(_avr32_f32_to_f64.o)
                0x80006cd0                __avr32_f32_to_f64
 .text          0x80006d30       0x98 c:/program files (x86)/atmel/avr32studio/studio/avr32 studio/plugins/com.atmel.avr.toolchains.win32.x86_3.0.0.201009140852/os/win32/x86/bin/../lib/gcc/avr32/4.3.3/ucr2\libgcc.a(_avr32_f64_to_f32.o)
                0x80006d3e                __avr32_f64_to_f32
 .text.atexit   0x80006dc8       0x14 c:/program files (x86)/atmel/avr32studio/studio/avr32 studio/plugins/com.atmel.avr.toolchains.win32.x86_3.0.0.201009140852/os/win32/x86/bin/../lib/gcc/avr32/4.3.3/../../../../avr32/lib/ucr2\libc.a(lib_a-atexit.o)
                0x80006dc8                atexit
 .text.__errno  0x80006ddc        0xc c:/program files (x86)/atmel/avr32studio/studio/avr32 studio/plugins/com.atmel.avr.toolchains.win32.x86_3.0.0.201009140852/os/win32/x86/bin/../lib/gcc/avr32/4.3.3/../../../../avr32/lib/ucr2\libc.a(lib_a-errno.o)
                0x80006ddc                __errno
 .text.exit     0x80006de8       0x28 c:/program files (x86)/atmel/avr32studio/studio/avr32 studio/plugins/com.atmel.avr.toolchains.win32.x86_3.0.0.201009140852/os/win32/x86/bin/../lib/gcc/avr32/4.3.3/../../../../avr32/lib/ucr2\libc.a(lib_a-exit.o)
                0x80006de8                exit
 .text.memset   0x80006e10        0xe c:/program files (x86)/atmel/avr32studio/studio/avr32 studio/plugins/com.atmel.avr.toolchains.win32.x86_3.0.0.201009140852/os/win32/x86/bin/../lib/gcc/avr32/4.3.3/../../../../avr32/lib/ucr2\libc.a(lib_a-memset.o)
                0x80006e10                memset
 .text.strlen   0x80006e1e       0x14 c:/program files (x86)/atmel/avr32studio/studio/avr32 studio/plugins/com.atmel.avr.toolchains.win32.x86_3.0.0.201009140852/os/win32/x86/bin/../lib/gcc/avr32/4.3.3/../../../../avr32/lib/ucr2\libc.a(lib_a-strlen.o)
                0x80006e1e                strlen
 *fill*         0x80006e32        0x2 d703d703
 .text          0x80006e34       0x20 c:/program files (x86)/atmel/avr32studio/studio/avr32 studio/plugins/com.atmel.avr.toolchains.win32.x86_3.0.0.201009140852/os/win32/x86/bin/../lib/gcc/avr32/4.3.3/../../../../avr32/lib/ucr2\libc.a(lib_a-strncpy.o)
                0x80006e34                strncpy
 .text._init_startup
                0x80006e54        0x2 c:/program files (x86)/atmel/avr32studio/studio/avr32 studio/plugins/com.atmel.avr.toolchains.win32.x86_3.0.0.201009140852/os/win32/x86/bin/../lib/gcc/avr32/4.3.3/../../../../avr32/lib/ucr2\libc.a(lib_a-syscalls.o)
                0x80006e54                _init_startup
 .text._init_argv
                0x80006e56        0xa c:/program files (x86)/atmel/avr32studio/studio/avr32 studio/plugins/com.atmel.avr.toolchains.win32.x86_3.0.0.201009140852/os/win32/x86/bin/../lib/gcc/avr32/4.3.3/../../../../avr32/lib/ucr2\libc.a(lib_a-syscalls.o)
                0x80006e56                _init_argv
 .text._exit    0x80006e60        0xa c:/program files (x86)/atmel/avr32studio/studio/avr32 studio/plugins/com.atmel.avr.toolchains.win32.x86_3.0.0.201009140852/os/win32/x86/bin/../lib/gcc/avr32/4.3.3/../../../../avr32/lib/ucr2\libc.a(lib_a-syscalls.o)
                0x80006e60                _exit
 *fill*         0x80006e6a        0x2 d703d703
 .text._sbrk    0x80006e6c       0x40 c:/program files (x86)/atmel/avr32studio/studio/avr32 studio/plugins/com.atmel.avr.toolchains.win32.x86_3.0.0.201009140852/os/win32/x86/bin/../lib/gcc/avr32/4.3.3/../../../../avr32/lib/ucr2\libc.a(lib_a-syscalls.o)
                0x80006e6c                _sbrk
 .text.__register_exitproc
                0x80006eac       0xac c:/program files (x86)/atmel/avr32studio/studio/avr32 studio/plugins/com.atmel.avr.toolchains.win32.x86_3.0.0.201009140852/os/win32/x86/bin/../lib/gcc/avr32/4.3.3/../../../../avr32/lib/ucr2\libc.a(lib_a-__atexit.o)
                0x80006eac                __register_exitproc
 .text.__call_exitprocs
                0x80006f58       0xd8 c:/program files (x86)/atmel/avr32studio/studio/avr32 studio/plugins/com.atmel.avr.toolchains.win32.x86_3.0.0.201009140852/os/win32/x86/bin/../lib/gcc/avr32/4.3.3/../../../../avr32/lib/ucr2\libc.a(lib_a-__call_atexit.o)
                0x80006f58                __call_exitprocs
 .text.free     0x80007030       0x18 c:/program files (x86)/atmel/avr32studio/studio/avr32 studio/plugins/com.atmel.avr.toolchains.win32.x86_3.0.0.201009140852/os/win32/x86/bin/../lib/gcc/avr32/4.3.3/../../../../avr32/lib/ucr2\libc.a(lib_a-malloc.o)
                0x80007030                free
 .text.malloc   0x80007048       0x18 c:/program files (x86)/atmel/avr32studio/studio/avr32 studio/plugins/com.atmel.avr.toolchains.win32.x86_3.0.0.201009140852/os/win32/x86/bin/../lib/gcc/avr32/4.3.3/../../../../avr32/lib/ucr2\libc.a(lib_a-malloc.o)
                0x80007048                malloc
 .text._malloc_r
                0x80007060      0x480 c:/program files (x86)/atmel/avr32studio/studio/avr32 studio/plugins/com.atmel.avr.toolchains.win32.x86_3.0.0.201009140852/os/win32/x86/bin/../lib/gcc/avr32/4.3.3/../../../../avr32/lib/ucr2\libc.a(lib_a-mallocr.o)
                0x80007060                _malloc_r
 .text.__malloc_lock
                0x800074e0        0x2 c:/program files (x86)/atmel/avr32studio/studio/avr32 studio/plugins/com.atmel.avr.toolchains.win32.x86_3.0.0.201009140852/os/win32/x86/bin/../lib/gcc/avr32/4.3.3/../../../../avr32/lib/ucr2\libc.a(lib_a-mlock.o)
                0x800074e0                __malloc_lock
 .text.__malloc_unlock
                0x800074e2        0x2 c:/program files (x86)/atmel/avr32studio/studio/avr32 studio/plugins/com.atmel.avr.toolchains.win32.x86_3.0.0.201009140852/os/win32/x86/bin/../lib/gcc/avr32/4.3.3/../../../../avr32/lib/ucr2\libc.a(lib_a-mlock.o)
                0x800074e2                __malloc_unlock
 .text._sbrk_r  0x800074e4       0x28 c:/program files (x86)/atmel/avr32studio/studio/avr32 studio/plugins/com.atmel.avr.toolchains.win32.x86_3.0.0.201009140852/os/win32/x86/bin/../lib/gcc/avr32/4.3.3/../../../../avr32/lib/ucr2\libc.a(lib_a-sbrkr.o)
                0x800074e4                _sbrk_r
 .text._malloc_trim_r
                0x8000750c       0xa8 c:/program files (x86)/atmel/avr32studio/studio/avr32 studio/plugins/com.atmel.avr.toolchains.win32.x86_3.0.0.201009140852/os/win32/x86/bin/../lib/gcc/avr32/4.3.3/../../../../avr32/lib/ucr2\libc.a(lib_a-freer.o)
                0x8000750c                _malloc_trim_r
 .text._free_r  0x800075b4      0x1ac c:/program files (x86)/atmel/avr32studio/studio/avr32 studio/plugins/com.atmel.avr.toolchains.win32.x86_3.0.0.201009140852/os/win32/x86/bin/../lib/gcc/avr32/4.3.3/../../../../avr32/lib/ucr2\libc.a(lib_a-freer.o)
                0x800075b4                _free_r
 .text          0x80007760       0x24 c:/program files (x86)/atmel/avr32studio/studio/avr32 studio/plugins/com.atmel.avr.toolchains.win32.x86_3.0.0.201009140852/os/win32/x86/bin/../lib/gcc/avr32/4.3.3/ucr2/crtend.o
 *(.text.*personality*)
 *(.gnu.warning)

.fini           0x80007784       0x18
 *(.fini)
 .fini          0x80007784       0x10 c:/program files (x86)/atmel/avr32studio/studio/avr32 studio/plugins/com.atmel.avr.toolchains.win32.x86_3.0.0.201009140852/os/win32/x86/bin/../lib/gcc/avr32/4.3.3/ucr2/crti.o
                0x80007784                _fini
 .fini          0x80007794        0x4 c:/program files (x86)/atmel/avr32studio/studio/avr32 studio/plugins/com.atmel.avr.toolchains.win32.x86_3.0.0.201009140852/os/win32/x86/bin/../lib/gcc/avr32/4.3.3/ucr2/crtbegin.o
 .fini          0x80007798        0x4 c:/program files (x86)/atmel/avr32studio/studio/avr32 studio/plugins/com.atmel.avr.toolchains.win32.x86_3.0.0.201009140852/os/win32/x86/bin/../lib/gcc/avr32/4.3.3/ucr2/crtn.o
                0x8000779c                PROVIDE (__etext, .)
                0x8000779c                PROVIDE (_etext, .)
                0x8000779c                PROVIDE (etext, .)

.rodata         0x8000779c       0x70
 *(.rodata .rodata.* .gnu.linkonce.r.*)
 .rodata.str1.4
                0x8000779c        0x5 c:/program files (x86)/atmel/avr32studio/studio/avr32 studio/plugins/com.atmel.avr.toolchains.win32.x86_3.0.0.201009140852/os/win32/x86/bin/../lib/gcc/avr32/4.3.3/../../../../avr32/lib/ucr2\libm.a(lib_a-w_sqrt.o)
                                  0x8 (size before relaxing)
 *fill*         0x800077a1        0x3 00
 .rodata.str1.4
                0x800077a4        0x4 c:/program files (x86)/atmel/avr32studio/studio/avr32 studio/plugins/com.atmel.avr.toolchains.win32.x86_3.0.0.201009140852/os/win32/x86/bin/../lib/gcc/avr32/4.3.3/../../../../avr32/lib/ucr2\libc.a(lib_a-impure.o)
 .rodata._global_impure_ptr
                0x800077a8        0x4 c:/program files (x86)/atmel/avr32studio/studio/avr32 studio/plugins/com.atmel.avr.toolchains.win32.x86_3.0.0.201009140852/os/win32/x86/bin/../lib/gcc/avr32/4.3.3/../../../../avr32/lib/ucr2\libc.a(lib_a-impure.o)
                0x800077a8                _global_impure_ptr
 .rodata.__sf_fake_stdin
                0x800077ac       0x20 c:/program files (x86)/atmel/avr32studio/studio/avr32 studio/plugins/com.atmel.avr.toolchains.win32.x86_3.0.0.201009140852/os/win32/x86/bin/../lib/gcc/avr32/4.3.3/../../../../avr32/lib/ucr2\libc.a(lib_a-findfp.o)
                0x800077ac                __sf_fake_stdin
 .rodata.__sf_fake_stdout
                0x800077cc       0x20 c:/program files (x86)/atmel/avr32studio/studio/avr32 studio/plugins/com.atmel.avr.toolchains.win32.x86_3.0.0.201009140852/os/win32/x86/bin/../lib/gcc/avr32/4.3.3/../../../../avr32/lib/ucr2\libc.a(lib_a-findfp.o)
                0x800077cc                __sf_fake_stdout
 .rodata.__sf_fake_stderr
                0x800077ec       0x20 c:/program files (x86)/atmel/avr32studio/studio/avr32 studio/plugins/com.atmel.avr.toolchains.win32.x86_3.0.0.201009140852/os/win32/x86/bin/../lib/gcc/avr32/4.3.3/../../../../avr32/lib/ucr2\libc.a(lib_a-findfp.o)
                0x800077ec                __sf_fake_stderr

.rodata1
 *(.rodata1)

.eh_frame_hdr
 *(.eh_frame_hdr)

.eh_frame
 *(.eh_frame)

.gcc_except_table
                0x80007810      0xac0 load address 0x8000780c
                0x80008000                . = ALIGN (0x1000)
 *fill*         0x80007810      0x7f0 00
 *(.gcc_except_table)
 .gcc_except_table
                0x80008000      0x1e0 BSP\vectors.o
                0x80008000                _evba
                0x800081c0                OSIntPrioReg
 *(.gcc_except_table.*)
 .gcc_except_table.1
                0x800081e0       0xf0 BSP\vectors.o
                0x800081e0                Int0
                0x80008200                Int1
                0x80008220                Int2
                0x80008240                Int3
                0x80008260                IntF0
                0x80008274                IntF1
                0x80008288                IntF2
                0x8000829c                IntF3
                0x800082be                __unhandled_exception

.dalign         0x800082d0        0x0
                0x800082d0                . = ALIGN (0x8)
                0x800082d0                PROVIDE (_data_lma, .)
                0x00000004                PROVIDE (_data, 0x4)
                0x00000004                . = 0x4

.eh_frame
 *(.eh_frame)

.gcc_except_table
 *(.gcc_except_table)
 *(.gcc_except_table.*)

.tdata
 *(.tdata .tdata.* .gnu.linkonce.td.*)

.tbss
 *(.tbss .tbss.* .gnu.linkonce.tb.*)
 *(.tcommon)
                0x00000004                PROVIDE (__preinit_array_start, ALIGN (0x4))

.preinit_array
 *(.preinit_array)
                0x00000004                PROVIDE (__preinit_array_end, .)
                0x00000004                PROVIDE (__init_array_start, .)

.init_array
 *(.init_array)
                0x00000004                PROVIDE (__init_array_end, .)
                0x00000004                PROVIDE (__fini_array_start, .)

.fini_array
 *(.fini_array)
                0x00000004                PROVIDE (__fini_array_end, .)

.ctors          0x00000004        0x8 load address 0x800082d0
 *crtbegin*.o(.ctors)
 .ctors         0x00000004        0x4 c:/program files (x86)/atmel/avr32studio/studio/avr32 studio/plugins/com.atmel.avr.toolchains.win32.x86_3.0.0.201009140852/os/win32/x86/bin/../lib/gcc/avr32/4.3.3/ucr2/crtbegin.o
 *(EXCLUDE_FILE(*crtend*.o) .ctors)
 *(SORT(.ctors.*))
 *(.ctors)
 .ctors         0x00000008        0x4 c:/program files (x86)/atmel/avr32studio/studio/avr32 studio/plugins/com.atmel.avr.toolchains.win32.x86_3.0.0.201009140852/os/win32/x86/bin/../lib/gcc/avr32/4.3.3/ucr2/crtend.o

.dtors          0x0000000c        0x8 load address 0x800082d8
 *crtbegin*.o(.dtors)
 .dtors         0x0000000c        0x4 c:/program files (x86)/atmel/avr32studio/studio/avr32 studio/plugins/com.atmel.avr.toolchains.win32.x86_3.0.0.201009140852/os/win32/x86/bin/../lib/gcc/avr32/4.3.3/ucr2/crtbegin.o
 *(EXCLUDE_FILE(*crtend*.o) .dtors)
 *(SORT(.dtors.*))
 *(.dtors)
 .dtors         0x00000010        0x4 c:/program files (x86)/atmel/avr32studio/studio/avr32 studio/plugins/com.atmel.avr.toolchains.win32.x86_3.0.0.201009140852/os/win32/x86/bin/../lib/gcc/avr32/4.3.3/ucr2/crtend.o
                0x00000010                __DTOR_END__

.jcr            0x00000014        0x4 load address 0x800082e0
 *(.jcr)
 .jcr           0x00000014        0x0 c:/program files (x86)/atmel/avr32studio/studio/avr32 studio/plugins/com.atmel.avr.toolchains.win32.x86_3.0.0.201009140852/os/win32/x86/bin/../lib/gcc/avr32/4.3.3/ucr2/crtbegin.o
 .jcr           0x00000014        0x4 c:/program files (x86)/atmel/avr32studio/studio/avr32 studio/plugins/com.atmel.avr.toolchains.win32.x86_3.0.0.201009140852/os/win32/x86/bin/../lib/gcc/avr32/4.3.3/ucr2/crtend.o

.data.rel.ro
 *(.data.rel.ro.local)
 *(.data.rel.ro*)

.dynamic
 *(.dynamic)

.got            0x00000018        0xc load address 0x800082e4
 *(.got.plt)
 *(.got)
 .got           0x00000018        0xc c:/program files (x86)/atmel/avr32studio/studio/avr32 studio/plugins/com.atmel.avr.toolchains.win32.x86_3.0.0.201009140852/os/win32/x86/bin/../lib/gcc/avr32/4.3.3/../../../../avr32/lib/ucr2/crt0.o
                0x00000018                _GLOBAL_OFFSET_TABLE_

.data           0x00000024      0x510 load address 0x800082f0
 *(.data .data.* .gnu.linkonce.d.*)
 .data          0x00000024        0x4 App\app.o
                0x00000024                sdp
 .data          0x00000028        0x4 App\UartPrint.o
                0x00000028                errorResetStr
 .data.__fdlib_version
                0x0000002c        0x4 c:/program files (x86)/atmel/avr32studio/studio/avr32 studio/plugins/com.atmel.avr.toolchains.win32.x86_3.0.0.201009140852/os/win32/x86/bin/../lib/gcc/avr32/4.3.3/../../../../avr32/lib/ucr2\libm.a(lib_a-s_lib_ver.o)
                0x0000002c                __fdlib_version
 .data.impure_data
                0x00000030       0xf0 c:/program files (x86)/atmel/avr32studio/studio/avr32 studio/plugins/com.atmel.avr.toolchains.win32.x86_3.0.0.201009140852/os/win32/x86/bin/../lib/gcc/avr32/4.3.3/../../../../avr32/lib/ucr2\libc.a(lib_a-impure.o)
 .data._impure_ptr
                0x00000120        0x4 c:/program files (x86)/atmel/avr32studio/studio/avr32 studio/plugins/com.atmel.avr.toolchains.win32.x86_3.0.0.201009140852/os/win32/x86/bin/../lib/gcc/avr32/4.3.3/../../../../avr32/lib/ucr2\libc.a(lib_a-impure.o)
                0x00000120                _impure_ptr
 .data.__malloc_av_
                0x00000124      0x408 c:/program files (x86)/atmel/avr32studio/studio/avr32 studio/plugins/com.atmel.avr.toolchains.win32.x86_3.0.0.201009140852/os/win32/x86/bin/../lib/gcc/avr32/4.3.3/../../../../avr32/lib/ucr2\libc.a(lib_a-mallocr.o)
                0x00000124                __malloc_av_
 .data.__malloc_trim_threshold
                0x0000052c        0x4 c:/program files (x86)/atmel/avr32studio/studio/avr32 studio/plugins/com.atmel.avr.toolchains.win32.x86_3.0.0.201009140852/os/win32/x86/bin/../lib/gcc/avr32/4.3.3/../../../../avr32/lib/ucr2\libc.a(lib_a-mallocr.o)
                0x0000052c                __malloc_trim_threshold
 .data.__malloc_sbrk_base
                0x00000530        0x4 c:/program files (x86)/atmel/avr32studio/studio/avr32 studio/plugins/com.atmel.avr.toolchains.win32.x86_3.0.0.201009140852/os/win32/x86/bin/../lib/gcc/avr32/4.3.3/../../../../avr32/lib/ucr2\libc.a(lib_a-mallocr.o)
                0x00000530                __malloc_sbrk_base
 *(.gnu.linkonce.d.*personality*)

.data1
 *(.data1)

.balign         0x00000534        0x4 load address 0x80008800
                0x00000538                . = ALIGN (0x8)
 *fill*         0x00000534        0x4 00
                0x00000538                _edata = .
                0x00000538                _edata = .
                0x00000538                PROVIDE (edata, .)
                0x00000538                __bss_start = .

.bss            0x00000538     0x8f28 load address 0x80008800
 *(.dynbss)
 *(.bss .bss.* .gnu.linkonce.b.*)
 .bss           0x00000538        0x8 c:/program files (x86)/atmel/avr32studio/studio/avr32 studio/plugins/com.atmel.avr.toolchains.win32.x86_3.0.0.201009140852/os/win32/x86/bin/../lib/gcc/avr32/4.3.3/ucr2/crtbegin.o
 .bss           0x00000540       0xe8 BSP\bsp.o
 .bss.cur_heap_pos.1849
                0x00000628        0x4 c:/program files (x86)/atmel/avr32studio/studio/avr32 studio/plugins/com.atmel.avr.toolchains.win32.x86_3.0.0.201009140852/os/win32/x86/bin/../lib/gcc/avr32/4.3.3/../../../../avr32/lib/ucr2\libc.a(lib_a-syscalls.o)
 .bss.__malloc_max_total_mem
                0x0000062c        0x4 c:/program files (x86)/atmel/avr32studio/studio/avr32 studio/plugins/com.atmel.avr.toolchains.win32.x86_3.0.0.201009140852/os/win32/x86/bin/../lib/gcc/avr32/4.3.3/../../../../avr32/lib/ucr2\libc.a(lib_a-mallocr.o)
                0x0000062c                __malloc_max_total_mem
 .bss.__malloc_max_sbrked_mem
                0x00000630        0x4 c:/program files (x86)/atmel/avr32studio/studio/avr32 studio/plugins/com.atmel.avr.toolchains.win32.x86_3.0.0.201009140852/os/win32/x86/bin/../lib/gcc/avr32/4.3.3/../../../../avr32/lib/ucr2\libc.a(lib_a-mallocr.o)
                0x00000630                __malloc_max_sbrked_mem
 .bss.__malloc_top_pad
                0x00000634        0x4 c:/program files (x86)/atmel/avr32studio/studio/avr32 studio/plugins/com.atmel.avr.toolchains.win32.x86_3.0.0.201009140852/os/win32/x86/bin/../lib/gcc/avr32/4.3.3/../../../../avr32/lib/ucr2\libc.a(lib_a-mallocr.o)
                0x00000634                __malloc_top_pad
 .bss.__malloc_current_mallinfo
                0x00000638       0x28 c:/program files (x86)/atmel/avr32studio/studio/avr32 studio/plugins/com.atmel.avr.toolchains.win32.x86_3.0.0.201009140852/os/win32/x86/bin/../lib/gcc/avr32/4.3.3/../../../../avr32/lib/ucr2\libc.a(lib_a-mallocr.o)
                0x00000638                __malloc_current_mallinfo
 *(COMMON)
 COMMON         0x00000660      0x924 uCOS-II\Source\os_core.o
                0x00000660                OSLockNesting
                0x00000661                OSRunning
                0x00000664                OSIdleCtr
                0x00000668                OSPrioHighRdy
                0x0000066c                OSFlagTbl
                0x000006f8                OSPrioCur
                0x000006fc                OSTCBList
                0x00000700                OSTickStepState
                0x00000704                OSMemTbl
                0x000007b8                OSCtxSwCtr
                0x000007bc                OSTCBFreeList
                0x000007c0                OSTaskCtr
                0x000007c4                OSMemFreeList
                0x000007c8                OSQTbl
                0x00000870                OSTCBHighRdy
                0x00000874                OSQFreeList
                0x00000878                OSRdyGrp
                0x0000087c                OSRdyTbl
                0x00000880                OSEventFreeList
                0x00000884                OSIntNesting
                0x00000888                OSTCBCur
                0x0000088c                OSTime
                0x00000890                OSTaskIdleStk
                0x00000a90                OSEventTbl
                0x00000bd0                OSTCBTbl
                0x00000f44                OSFlagFreeList
                0x00000f48                OSTCBPrioTbl
 COMMON         0x00000f84     0x620c App\app.o
                0x00000f84                CommSec100Buf
                0x00000ffc                CalcControllerTaskMsgs
                0x00001014                scoreTaskMsgs
                0x0000102c                CTableSize
                0x00001030                ScoreCalculatorMethodStk
                0x00003030                Sec100TaskQ
                0x00003034                lastFy2Value
                0x00003038                ScoreTaskMsgMem
                0x0000303c                tcnt
                0x00003040                Sec100CalculatorMethodStk
                0x00005040                ScoreTaskMsgQ
                0x00005044                JobStateSema
                0x00005048                Sec100TaskQMsg
                0x00005070                sdramp
                0x00005074                scoreResultTypes
                0x00005078                lastFxyValue
                0x0000507c                scoreTaskPMsgs
                0x00005088                sec100Array
                0x00005154                currentSec100Info
                0x00005160                CommSec100MsgMem
                0x00005164                CalcControllerTaskMsgMem
                0x00005168                sdramSize
                0x0000516c                CalcControllerTaskMsgQ
                0x00005170                CalcControllerMethodStk
                0x00007170                lastSec100Info
                0x0000717c                sec100State
                0x00007180                sec100States
                0x00007184                CalcControllerTaskPMsgs
 COMMON         0x00007190     0x22cc App\UartPrint.o
                0x00007190                pdcaStatus
                0x00007194                amtPrintErr
                0x00007198                serialMsgTaskQ
                0x0000719c                err_init_print
                0x000071a0                serialMsgMem
                0x000071a4                amtErr
                0x000071a8                cpu_sr
                0x000071ac                transferDataP
                0x000071b0                bufferS
                0x00007200                amtPdcaErrors
                0x00007204                reloadDataP
                0x00007208                serialOn
                0x0000720c                SerialQSem
                0x00007210                SerialQMethodStk
                0x00009210                serialStrBuf
                0x00009440                serialTaskQMsg
 COMMON         0x0000945c        0x4 c:/program files (x86)/atmel/avr32studio/studio/avr32 studio/plugins/com.atmel.avr.toolchains.win32.x86_3.0.0.201009140852/os/win32/x86/bin/../lib/gcc/avr32/4.3.3/../../../../avr32/lib/ucr2\libc.a(lib_a-reent.o)
                0x0000945c                errno
                0x00009460                . = ALIGN (0x8)
                0x00009460                . = ALIGN (0x8)
                0x00009460                _end = .
                0x00009460                PROVIDE (end, .)

.stack          0x00009460     0x1400 load address 0x80008800
                0x00009460                _stack = ALIGN (0x8)
 *(.stack)
                0x00001400                . = __stack_size
 *fill*         0x00009460     0x1400 00
                0x0000a860                _estack = .

.heap           0x0000a860     0x1400 load address 0x80008800
                0x0000a860                __heap_start__ = ALIGN (0x8)
                0x00001400                . = __heap_size
 *fill*         0x0000a860     0x1400 00
                0x0000bc60                __heap_end__ = .

.stab
 *(.stab)

.stabstr
 *(.stabstr)

.stab.excl
 *(.stab.excl)

.stab.exclstr
 *(.stab.exclstr)

.stab.index
 *(.stab.index)

.stab.indexstr
 *(.stab.indexstr)

.comment        0x00000000       0x23
 *(.comment)
 .comment       0x00000000       0x23 c:/program files (x86)/atmel/avr32studio/studio/avr32 studio/plugins/com.atmel.avr.toolchains.win32.x86_3.0.0.201009140852/os/win32/x86/bin/../lib/gcc/avr32/4.3.3/ucr2/crtbegin.o
                                 0x24 (size before relaxing)
 .comment       0x00000000       0x24 uCOS-II\Source\os_tmr.o
 .comment       0x00000000       0x24 uCOS-II\Source\os_time.o
 .comment       0x00000000       0x24 uCOS-II\Source\os_task.o
 .comment       0x00000000       0x24 uCOS-II\Source\os_sem.o
 .comment       0x00000000       0x24 uCOS-II\Source\os_q.o
 .comment       0x00000000       0x24 uCOS-II\Source\os_mutex.o
 .comment       0x00000000       0x24 uCOS-II\Source\os_mem.o
 .comment       0x00000000       0x24 uCOS-II\Source\os_mbox.o
 .comment       0x00000000       0x24 uCOS-II\Source\os_flag.o
 .comment       0x00000000       0x24 uCOS-II\Source\os_core.o
 .comment       0x00000000       0x24 uCOS-II\Ports\AVR32\UC3\GNU\os_dbg.o
 .comment       0x00000000       0x24 uCOS-II\Ports\AVR32\UC3\GNU\os_cpu_c.o
 .comment       0x00000000       0x24 sdramc\sdramc.o
 .comment       0x00000000       0x24 sdramc\gpio.o
 .comment       0x00000000       0x24 BSP\pdca.o
 .comment       0x00000000       0x24 BSP\bsp.o
 .comment       0x00000000       0x24 App\app.o
 .comment       0x00000000       0x24 App\UartPrint.o
 .comment       0x00000000       0x24 .metadata\.plugins\org.eclipse.cdt.make.core\specs.o
 .comment       0x00000000       0x24 c:/program files (x86)/atmel/avr32studio/studio/avr32 studio/plugins/com.atmel.avr.toolchains.win32.x86_3.0.0.201009140852/os/win32/x86/bin/../lib/gcc/avr32/4.3.3/../../../../avr32/lib/ucr2\libm.a(lib_a-w_sqrt.o)
 .comment       0x00000000       0x24 c:/program files (x86)/atmel/avr32studio/studio/avr32 studio/plugins/com.atmel.avr.toolchains.win32.x86_3.0.0.201009140852/os/win32/x86/bin/../lib/gcc/avr32/4.3.3/../../../../avr32/lib/ucr2\libm.a(lib_a-e_sqrt.o)
 .comment       0x00000000       0x24 c:/program files (x86)/atmel/avr32studio/studio/avr32 studio/plugins/com.atmel.avr.toolchains.win32.x86_3.0.0.201009140852/os/win32/x86/bin/../lib/gcc/avr32/4.3.3/../../../../avr32/lib/ucr2\libm.a(lib_a-s_isnand.o)
 .comment       0x00000000       0x24 c:/program files (x86)/atmel/avr32studio/studio/avr32 studio/plugins/com.atmel.avr.toolchains.win32.x86_3.0.0.201009140852/os/win32/x86/bin/../lib/gcc/avr32/4.3.3/../../../../avr32/lib/ucr2\libm.a(lib_a-s_lib_ver.o)
 .comment       0x00000000       0x24 c:/program files (x86)/atmel/avr32studio/studio/avr32 studio/plugins/com.atmel.avr.toolchains.win32.x86_3.0.0.201009140852/os/win32/x86/bin/../lib/gcc/avr32/4.3.3/../../../../avr32/lib/ucr2\libm.a(lib_a-s_matherr.o)
 .comment       0x00000000       0x24 c:/program files (x86)/atmel/avr32studio/studio/avr32 studio/plugins/com.atmel.avr.toolchains.win32.x86_3.0.0.201009140852/os/win32/x86/bin/../lib/gcc/avr32/4.3.3/../../../../avr32/lib/ucr2\libc.a(lib_a-atexit.o)
 .comment       0x00000000       0x24 c:/program files (x86)/atmel/avr32studio/studio/avr32 studio/plugins/com.atmel.avr.toolchains.win32.x86_3.0.0.201009140852/os/win32/x86/bin/../lib/gcc/avr32/4.3.3/../../../../avr32/lib/ucr2\libc.a(lib_a-errno.o)
 .comment       0x00000000       0x24 c:/program files (x86)/atmel/avr32studio/studio/avr32 studio/plugins/com.atmel.avr.toolchains.win32.x86_3.0.0.201009140852/os/win32/x86/bin/../lib/gcc/avr32/4.3.3/../../../../avr32/lib/ucr2\libc.a(lib_a-exit.o)
 .comment       0x00000000       0x24 c:/program files (x86)/atmel/avr32studio/studio/avr32 studio/plugins/com.atmel.avr.toolchains.win32.x86_3.0.0.201009140852/os/win32/x86/bin/../lib/gcc/avr32/4.3.3/../../../../avr32/lib/ucr2\libc.a(lib_a-impure.o)
 .comment       0x00000000       0x24 c:/program files (x86)/atmel/avr32studio/studio/avr32 studio/plugins/com.atmel.avr.toolchains.win32.x86_3.0.0.201009140852/os/win32/x86/bin/../lib/gcc/avr32/4.3.3/../../../../avr32/lib/ucr2\libc.a(lib_a-memset.o)
 .comment       0x00000000       0x24 c:/program files (x86)/atmel/avr32studio/studio/avr32 studio/plugins/com.atmel.avr.toolchains.win32.x86_3.0.0.201009140852/os/win32/x86/bin/../lib/gcc/avr32/4.3.3/../../../../avr32/lib/ucr2\libc.a(lib_a-strlen.o)
 .comment       0x00000000       0x24 c:/program files (x86)/atmel/avr32studio/studio/avr32 studio/plugins/com.atmel.avr.toolchains.win32.x86_3.0.0.201009140852/os/win32/x86/bin/../lib/gcc/avr32/4.3.3/../../../../avr32/lib/ucr2\libc.a(lib_a-syscalls.o)
 .comment       0x00000000       0x24 c:/program files (x86)/atmel/avr32studio/studio/avr32 studio/plugins/com.atmel.avr.toolchains.win32.x86_3.0.0.201009140852/os/win32/x86/bin/../lib/gcc/avr32/4.3.3/../../../../avr32/lib/ucr2\libc.a(lib_a-__atexit.o)
 .comment       0x00000000       0x24 c:/program files (x86)/atmel/avr32studio/studio/avr32 studio/plugins/com.atmel.avr.toolchains.win32.x86_3.0.0.201009140852/os/win32/x86/bin/../lib/gcc/avr32/4.3.3/../../../../avr32/lib/ucr2\libc.a(lib_a-__call_atexit.o)
 .comment       0x00000000       0x24 c:/program files (x86)/atmel/avr32studio/studio/avr32 studio/plugins/com.atmel.avr.toolchains.win32.x86_3.0.0.201009140852/os/win32/x86/bin/../lib/gcc/avr32/4.3.3/../../../../avr32/lib/ucr2\libc.a(lib_a-findfp.o)
 .comment       0x00000000       0x24 c:/program files (x86)/atmel/avr32studio/studio/avr32 studio/plugins/com.atmel.avr.toolchains.win32.x86_3.0.0.201009140852/os/win32/x86/bin/../lib/gcc/avr32/4.3.3/../../../../avr32/lib/ucr2\libc.a(lib_a-fwalk.o)
 .comment       0x00000000       0x24 c:/program files (x86)/atmel/avr32studio/studio/avr32 studio/plugins/com.atmel.avr.toolchains.win32.x86_3.0.0.201009140852/os/win32/x86/bin/../lib/gcc/avr32/4.3.3/../../../../avr32/lib/ucr2\libc.a(lib_a-malloc.o)
 .comment       0x00000000       0x24 c:/program files (x86)/atmel/avr32studio/studio/avr32 studio/plugins/com.atmel.avr.toolchains.win32.x86_3.0.0.201009140852/os/win32/x86/bin/../lib/gcc/avr32/4.3.3/../../../../avr32/lib/ucr2\libc.a(lib_a-mallocr.o)
 .comment       0x00000000       0x24 c:/program files (x86)/atmel/avr32studio/studio/avr32 studio/plugins/com.atmel.avr.toolchains.win32.x86_3.0.0.201009140852/os/win32/x86/bin/../lib/gcc/avr32/4.3.3/../../../../avr32/lib/ucr2\libc.a(lib_a-mlock.o)
 .comment       0x00000000       0x24 c:/program files (x86)/atmel/avr32studio/studio/avr32 studio/plugins/com.atmel.avr.toolchains.win32.x86_3.0.0.201009140852/os/win32/x86/bin/../lib/gcc/avr32/4.3.3/../../../../avr32/lib/ucr2\libc.a(lib_a-reent.o)
 .comment       0x00000000       0x24 c:/program files (x86)/atmel/avr32studio/studio/avr32 studio/plugins/com.atmel.avr.toolchains.win32.x86_3.0.0.201009140852/os/win32/x86/bin/../lib/gcc/avr32/4.3.3/../../../../avr32/lib/ucr2\libc.a(lib_a-sbrkr.o)
 .comment       0x00000000       0x24 c:/program files (x86)/atmel/avr32studio/studio/avr32 studio/plugins/com.atmel.avr.toolchains.win32.x86_3.0.0.201009140852/os/win32/x86/bin/../lib/gcc/avr32/4.3.3/../../../../avr32/lib/ucr2\libc.a(lib_a-stdio.o)
 .comment       0x00000000       0x24 c:/program files (x86)/atmel/avr32studio/studio/avr32 studio/plugins/com.atmel.avr.toolchains.win32.x86_3.0.0.201009140852/os/win32/x86/bin/../lib/gcc/avr32/4.3.3/../../../../avr32/lib/ucr2\libc.a(lib_a-writer.o)
 .comment       0x00000000       0x24 c:/program files (x86)/atmel/avr32studio/studio/avr32 studio/plugins/com.atmel.avr.toolchains.win32.x86_3.0.0.201009140852/os/win32/x86/bin/../lib/gcc/avr32/4.3.3/../../../../avr32/lib/ucr2\libc.a(lib_a-closer.o)
 .comment       0x00000000       0x24 c:/program files (x86)/atmel/avr32studio/studio/avr32 studio/plugins/com.atmel.avr.toolchains.win32.x86_3.0.0.201009140852/os/win32/x86/bin/../lib/gcc/avr32/4.3.3/../../../../avr32/lib/ucr2\libc.a(lib_a-fclose.o)
 .comment       0x00000000       0x24 c:/program files (x86)/atmel/avr32studio/studio/avr32 studio/plugins/com.atmel.avr.toolchains.win32.x86_3.0.0.201009140852/os/win32/x86/bin/../lib/gcc/avr32/4.3.3/../../../../avr32/lib/ucr2\libc.a(lib_a-fflush.o)
 .comment       0x00000000       0x24 c:/program files (x86)/atmel/avr32studio/studio/avr32 studio/plugins/com.atmel.avr.toolchains.win32.x86_3.0.0.201009140852/os/win32/x86/bin/../lib/gcc/avr32/4.3.3/../../../../avr32/lib/ucr2\libc.a(lib_a-freer.o)
 .comment       0x00000000       0x24 c:/program files (x86)/atmel/avr32studio/studio/avr32 studio/plugins/com.atmel.avr.toolchains.win32.x86_3.0.0.201009140852/os/win32/x86/bin/../lib/gcc/avr32/4.3.3/../../../../avr32/lib/ucr2\libc.a(lib_a-lseekr.o)
 .comment       0x00000000       0x24 c:/program files (x86)/atmel/avr32studio/studio/avr32 studio/plugins/com.atmel.avr.toolchains.win32.x86_3.0.0.201009140852/os/win32/x86/bin/../lib/gcc/avr32/4.3.3/../../../../avr32/lib/ucr2\libc.a(lib_a-readr.o)
 .comment       0x00000000       0x24 c:/program files (x86)/atmel/avr32studio/studio/avr32 studio/plugins/com.atmel.avr.toolchains.win32.x86_3.0.0.201009140852/os/win32/x86/bin/../lib/gcc/avr32/4.3.3/ucr2/crtend.o

.debug
 *(.debug)

.line
 *(.line)

.debug_srcinfo
 *(.debug_srcinfo)

.debug_sfnames
 *(.debug_sfnames)

.debug_aranges  0x00000000      0xd88
 *(.debug_aranges)
 .debug_aranges
                0x00000000       0x40 uCOS-II\Source\os_time.o
 .debug_aranges
                0x00000040       0x78 uCOS-II\Source\os_task.o
 .debug_aranges
                0x000000b8       0x58 uCOS-II\Source\os_sem.o
 .debug_aranges
                0x00000110       0x70 uCOS-II\Source\os_q.o
 .debug_aranges
                0x00000180       0x50 uCOS-II\Source\os_mem.o
 .debug_aranges
                0x000001d0       0x80 uCOS-II\Source\os_flag.o
 .debug_aranges
                0x00000250      0x100 uCOS-II\Source\os_core.o
 .debug_aranges
                0x00000350       0x20 uCOS-II\Ports\AVR32\UC3\GNU\os_dbg.o
 .debug_aranges
                0x00000370       0x78 uCOS-II\Ports\AVR32\UC3\GNU\os_cpu_c.o
 .debug_aranges
                0x000003e8       0x20 uCOS-II\Ports\AVR32\UC3\GNU\os_cpu_a.o
 .debug_aranges
                0x00000408       0x20 uC-CPU\AVR32\UC3\GNU\cpu_a.o
 .debug_aranges
                0x00000428       0x38 sdramc\sdramc.o
 .debug_aranges
                0x00000460       0xc0 sdramc\gpio.o
 .debug_aranges
                0x00000520       0x28 BSP\vectors.o
 .debug_aranges
                0x00000548       0xd0 BSP\pdca.o
 .debug_aranges
                0x00000618      0x160 BSP\bsp.o
 .debug_aranges
                0x00000778       0xd8 App\app.o
 .debug_aranges
                0x00000850       0x48 App\UartPrint.o
 .debug_aranges
                0x00000898       0x20 c:/program files (x86)/atmel/avr32studio/studio/avr32 studio/plugins/com.atmel.avr.toolchains.win32.x86_3.0.0.201009140852/os/win32/x86/bin/../lib/gcc/avr32/4.3.3/../../../../avr32/lib/ucr2\libm.a(lib_a-w_sqrt.o)
 .debug_aranges
                0x000008b8       0x20 c:/program files (x86)/atmel/avr32studio/studio/avr32 studio/plugins/com.atmel.avr.toolchains.win32.x86_3.0.0.201009140852/os/win32/x86/bin/../lib/gcc/avr32/4.3.3/../../../../avr32/lib/ucr2\libm.a(lib_a-e_sqrt.o)
 .debug_aranges
                0x000008d8       0x20 c:/program files (x86)/atmel/avr32studio/studio/avr32 studio/plugins/com.atmel.avr.toolchains.win32.x86_3.0.0.201009140852/os/win32/x86/bin/../lib/gcc/avr32/4.3.3/../../../../avr32/lib/ucr2\libm.a(lib_a-s_isnand.o)
 .debug_aranges
                0x000008f8       0x20 c:/program files (x86)/atmel/avr32studio/studio/avr32 studio/plugins/com.atmel.avr.toolchains.win32.x86_3.0.0.201009140852/os/win32/x86/bin/../lib/gcc/avr32/4.3.3/../../../../avr32/lib/ucr2\libm.a(lib_a-s_matherr.o)
 .debug_aranges
                0x00000918       0x20 c:/program files (x86)/atmel/avr32studio/studio/avr32 studio/plugins/com.atmel.avr.toolchains.win32.x86_3.0.0.201009140852/os/win32/x86/bin/../lib/gcc/avr32/4.3.3/../../../../avr32/lib/ucr2\libc.a(lib_a-atexit.o)
 .debug_aranges
                0x00000938       0x20 c:/program files (x86)/atmel/avr32studio/studio/avr32 studio/plugins/com.atmel.avr.toolchains.win32.x86_3.0.0.201009140852/os/win32/x86/bin/../lib/gcc/avr32/4.3.3/../../../../avr32/lib/ucr2\libc.a(lib_a-errno.o)
 .debug_aranges
                0x00000958       0x20 c:/program files (x86)/atmel/avr32studio/studio/avr32 studio/plugins/com.atmel.avr.toolchains.win32.x86_3.0.0.201009140852/os/win32/x86/bin/../lib/gcc/avr32/4.3.3/../../../../avr32/lib/ucr2\libc.a(lib_a-exit.o)
 .debug_aranges
                0x00000978       0x20 c:/program files (x86)/atmel/avr32studio/studio/avr32 studio/plugins/com.atmel.avr.toolchains.win32.x86_3.0.0.201009140852/os/win32/x86/bin/../lib/gcc/avr32/4.3.3/../../../../avr32/lib/ucr2\libc.a(lib_a-memset.o)
 .debug_aranges
                0x00000998       0x20 c:/program files (x86)/atmel/avr32studio/studio/avr32 studio/plugins/com.atmel.avr.toolchains.win32.x86_3.0.0.201009140852/os/win32/x86/bin/../lib/gcc/avr32/4.3.3/../../../../avr32/lib/ucr2\libc.a(lib_a-strlen.o)
 .debug_aranges
                0x000009b8       0xf8 c:/program files (x86)/atmel/avr32studio/studio/avr32 studio/plugins/com.atmel.avr.toolchains.win32.x86_3.0.0.201009140852/os/win32/x86/bin/../lib/gcc/avr32/4.3.3/../../../../avr32/lib/ucr2\libc.a(lib_a-syscalls.o)
 .debug_aranges
                0x00000ab0       0x20 c:/program files (x86)/atmel/avr32studio/studio/avr32 studio/plugins/com.atmel.avr.toolchains.win32.x86_3.0.0.201009140852/os/win32/x86/bin/../lib/gcc/avr32/4.3.3/../../../../avr32/lib/ucr2\libc.a(lib_a-__atexit.o)
 .debug_aranges
                0x00000ad0       0x20 c:/program files (x86)/atmel/avr32studio/studio/avr32 studio/plugins/com.atmel.avr.toolchains.win32.x86_3.0.0.201009140852/os/win32/x86/bin/../lib/gcc/avr32/4.3.3/../../../../avr32/lib/ucr2\libc.a(lib_a-__call_atexit.o)
 .debug_aranges
                0x00000af0       0x80 c:/program files (x86)/atmel/avr32studio/studio/avr32 studio/plugins/com.atmel.avr.toolchains.win32.x86_3.0.0.201009140852/os/win32/x86/bin/../lib/gcc/avr32/4.3.3/../../../../avr32/lib/ucr2\libc.a(lib_a-findfp.o)
 .debug_aranges
                0x00000b70       0x28 c:/program files (x86)/atmel/avr32studio/studio/avr32 studio/plugins/com.atmel.avr.toolchains.win32.x86_3.0.0.201009140852/os/win32/x86/bin/../lib/gcc/avr32/4.3.3/../../../../avr32/lib/ucr2\libc.a(lib_a-fwalk.o)
 .debug_aranges
                0x00000b98       0x28 c:/program files (x86)/atmel/avr32studio/studio/avr32 studio/plugins/com.atmel.avr.toolchains.win32.x86_3.0.0.201009140852/os/win32/x86/bin/../lib/gcc/avr32/4.3.3/../../../../avr32/lib/ucr2\libc.a(lib_a-malloc.o)
 .debug_aranges
                0x00000bc0       0x20 c:/program files (x86)/atmel/avr32studio/studio/avr32 studio/plugins/com.atmel.avr.toolchains.win32.x86_3.0.0.201009140852/os/win32/x86/bin/../lib/gcc/avr32/4.3.3/../../../../avr32/lib/ucr2\libc.a(lib_a-mallocr.o)
 .debug_aranges
                0x00000be0       0x28 c:/program files (x86)/atmel/avr32studio/studio/avr32 studio/plugins/com.atmel.avr.toolchains.win32.x86_3.0.0.201009140852/os/win32/x86/bin/../lib/gcc/avr32/4.3.3/../../../../avr32/lib/ucr2\libc.a(lib_a-mlock.o)
 .debug_aranges
                0x00000c08       0x30 c:/program files (x86)/atmel/avr32studio/studio/avr32 studio/plugins/com.atmel.avr.toolchains.win32.x86_3.0.0.201009140852/os/win32/x86/bin/../lib/gcc/avr32/4.3.3/../../../../avr32/lib/ucr2\libc.a(lib_a-reent.o)
 .debug_aranges
                0x00000c38       0x20 c:/program files (x86)/atmel/avr32studio/studio/avr32 studio/plugins/com.atmel.avr.toolchains.win32.x86_3.0.0.201009140852/os/win32/x86/bin/../lib/gcc/avr32/4.3.3/../../../../avr32/lib/ucr2\libc.a(lib_a-sbrkr.o)
 .debug_aranges
                0x00000c58       0x38 c:/program files (x86)/atmel/avr32studio/studio/avr32 studio/plugins/com.atmel.avr.toolchains.win32.x86_3.0.0.201009140852/os/win32/x86/bin/../lib/gcc/avr32/4.3.3/../../../../avr32/lib/ucr2\libc.a(lib_a-stdio.o)
 .debug_aranges
                0x00000c90       0x20 c:/program files (x86)/atmel/avr32studio/studio/avr32 studio/plugins/com.atmel.avr.toolchains.win32.x86_3.0.0.201009140852/os/win32/x86/bin/../lib/gcc/avr32/4.3.3/../../../../avr32/lib/ucr2\libc.a(lib_a-writer.o)
 .debug_aranges
                0x00000cb0       0x20 c:/program files (x86)/atmel/avr32studio/studio/avr32 studio/plugins/com.atmel.avr.toolchains.win32.x86_3.0.0.201009140852/os/win32/x86/bin/../lib/gcc/avr32/4.3.3/../../../../avr32/lib/ucr2\libc.a(lib_a-closer.o)
 .debug_aranges
                0x00000cd0       0x28 c:/program files (x86)/atmel/avr32studio/studio/avr32 studio/plugins/com.atmel.avr.toolchains.win32.x86_3.0.0.201009140852/os/win32/x86/bin/../lib/gcc/avr32/4.3.3/../../../../avr32/lib/ucr2\libc.a(lib_a-fclose.o)
 .debug_aranges
                0x00000cf8       0x28 c:/program files (x86)/atmel/avr32studio/studio/avr32 studio/plugins/com.atmel.avr.toolchains.win32.x86_3.0.0.201009140852/os/win32/x86/bin/../lib/gcc/avr32/4.3.3/../../../../avr32/lib/ucr2\libc.a(lib_a-fflush.o)
 .debug_aranges
                0x00000d20       0x28 c:/program files (x86)/atmel/avr32studio/studio/avr32 studio/plugins/com.atmel.avr.toolchains.win32.x86_3.0.0.201009140852/os/win32/x86/bin/../lib/gcc/avr32/4.3.3/../../../../avr32/lib/ucr2\libc.a(lib_a-freer.o)
 .debug_aranges
                0x00000d48       0x20 c:/program files (x86)/atmel/avr32studio/studio/avr32 studio/plugins/com.atmel.avr.toolchains.win32.x86_3.0.0.201009140852/os/win32/x86/bin/../lib/gcc/avr32/4.3.3/../../../../avr32/lib/ucr2\libc.a(lib_a-lseekr.o)
 .debug_aranges
                0x00000d68       0x20 c:/program files (x86)/atmel/avr32studio/studio/avr32 studio/plugins/com.atmel.avr.toolchains.win32.x86_3.0.0.201009140852/os/win32/x86/bin/../lib/gcc/avr32/4.3.3/../../../../avr32/lib/ucr2\libc.a(lib_a-readr.o)

.debug_pubnames
                0x00000000     0x20c4
 *(.debug_pubnames)
 .debug_pubnames
                0x00000000       0x62 uCOS-II\Source\os_time.o
 .debug_pubnames
                0x00000062       0xe5 uCOS-II\Source\os_task.o
 .debug_pubnames
                0x00000147       0x8a uCOS-II\Source\os_sem.o
 .debug_pubnames
                0x000001d1       0xa9 uCOS-II\Source\os_q.o
 .debug_pubnames
                0x0000027a       0x7c uCOS-II\Source\os_mem.o
 .debug_pubnames
                0x000002f6       0xd0 uCOS-II\Source\os_flag.o
 .debug_pubnames
                0x000003c6      0x33d uCOS-II\Source\os_core.o
 .debug_pubnames
                0x00000703      0x3c5 uCOS-II\Ports\AVR32\UC3\GNU\os_dbg.o
 .debug_pubnames
                0x00000ac8       0xef uCOS-II\Ports\AVR32\UC3\GNU\os_cpu_c.o
 .debug_pubnames
                0x00000bb7       0x30 sdramc\sdramc.o
 .debug_pubnames
                0x00000be7      0x27c sdramc\gpio.o
 .debug_pubnames
                0x00000e63      0x2c7 BSP\pdca.o
 .debug_pubnames
                0x0000112a      0x27a BSP\bsp.o
 .debug_pubnames
                0x000013a4      0x443 App\app.o
 .debug_pubnames
                0x000017e7      0x186 App\UartPrint.o
 .debug_pubnames
                0x0000196d       0x1b c:/program files (x86)/atmel/avr32studio/studio/avr32 studio/plugins/com.atmel.avr.toolchains.win32.x86_3.0.0.201009140852/os/win32/x86/bin/../lib/gcc/avr32/4.3.3/../../../../avr32/lib/ucr2\libm.a(lib_a-w_sqrt.o)
 .debug_pubnames
                0x00001988       0x25 c:/program files (x86)/atmel/avr32studio/studio/avr32 studio/plugins/com.atmel.avr.toolchains.win32.x86_3.0.0.201009140852/os/win32/x86/bin/../lib/gcc/avr32/4.3.3/../../../../avr32/lib/ucr2\libm.a(lib_a-e_sqrt.o)
 .debug_pubnames
                0x000019ad       0x1f c:/program files (x86)/atmel/avr32studio/studio/avr32 studio/plugins/com.atmel.avr.toolchains.win32.x86_3.0.0.201009140852/os/win32/x86/bin/../lib/gcc/avr32/4.3.3/../../../../avr32/lib/ucr2\libm.a(lib_a-s_isnand.o)
 .debug_pubnames
                0x000019cc       0x26 c:/program files (x86)/atmel/avr32studio/studio/avr32 studio/plugins/com.atmel.avr.toolchains.win32.x86_3.0.0.201009140852/os/win32/x86/bin/../lib/gcc/avr32/4.3.3/../../../../avr32/lib/ucr2\libm.a(lib_a-s_lib_ver.o)
 .debug_pubnames
                0x000019f2       0x1e c:/program files (x86)/atmel/avr32studio/studio/avr32 studio/plugins/com.atmel.avr.toolchains.win32.x86_3.0.0.201009140852/os/win32/x86/bin/../lib/gcc/avr32/4.3.3/../../../../avr32/lib/ucr2\libm.a(lib_a-s_matherr.o)
 .debug_pubnames
                0x00001a10       0x1d c:/program files (x86)/atmel/avr32studio/studio/avr32 studio/plugins/com.atmel.avr.toolchains.win32.x86_3.0.0.201009140852/os/win32/x86/bin/../lib/gcc/avr32/4.3.3/../../../../avr32/lib/ucr2\libc.a(lib_a-atexit.o)
 .debug_pubnames
                0x00001a2d       0x1e c:/program files (x86)/atmel/avr32studio/studio/avr32 studio/plugins/com.atmel.avr.toolchains.win32.x86_3.0.0.201009140852/os/win32/x86/bin/../lib/gcc/avr32/4.3.3/../../../../avr32/lib/ucr2\libc.a(lib_a-errno.o)
 .debug_pubnames
                0x00001a4b       0x1b c:/program files (x86)/atmel/avr32studio/studio/avr32 studio/plugins/com.atmel.avr.toolchains.win32.x86_3.0.0.201009140852/os/win32/x86/bin/../lib/gcc/avr32/4.3.3/../../../../avr32/lib/ucr2\libc.a(lib_a-exit.o)
 .debug_pubnames
                0x00001a66       0x39 c:/program files (x86)/atmel/avr32studio/studio/avr32 studio/plugins/com.atmel.avr.toolchains.win32.x86_3.0.0.201009140852/os/win32/x86/bin/../lib/gcc/avr32/4.3.3/../../../../avr32/lib/ucr2\libc.a(lib_a-impure.o)
 .debug_pubnames
                0x00001a9f       0x1d c:/program files (x86)/atmel/avr32studio/studio/avr32 studio/plugins/com.atmel.avr.toolchains.win32.x86_3.0.0.201009140852/os/win32/x86/bin/../lib/gcc/avr32/4.3.3/../../../../avr32/lib/ucr2\libc.a(lib_a-memset.o)
 .debug_pubnames
                0x00001abc       0x1d c:/program files (x86)/atmel/avr32studio/studio/avr32 studio/plugins/com.atmel.avr.toolchains.win32.x86_3.0.0.201009140852/os/win32/x86/bin/../lib/gcc/avr32/4.3.3/../../../../avr32/lib/ucr2\libc.a(lib_a-strlen.o)
 .debug_pubnames
                0x00001ad9      0x171 c:/program files (x86)/atmel/avr32studio/studio/avr32 studio/plugins/com.atmel.avr.toolchains.win32.x86_3.0.0.201009140852/os/win32/x86/bin/../lib/gcc/avr32/4.3.3/../../../../avr32/lib/ucr2\libc.a(lib_a-syscalls.o)
 .debug_pubnames
                0x00001c4a       0x2a c:/program files (x86)/atmel/avr32studio/studio/avr32 studio/plugins/com.atmel.avr.toolchains.win32.x86_3.0.0.201009140852/os/win32/x86/bin/../lib/gcc/avr32/4.3.3/../../../../avr32/lib/ucr2\libc.a(lib_a-__atexit.o)
 .debug_pubnames
                0x00001c74       0x27 c:/program files (x86)/atmel/avr32studio/studio/avr32 studio/plugins/com.atmel.avr.toolchains.win32.x86_3.0.0.201009140852/os/win32/x86/bin/../lib/gcc/avr32/4.3.3/../../../../avr32/lib/ucr2\libc.a(lib_a-__call_atexit.o)
 .debug_pubnames
                0x00001c9b      0x119 c:/program files (x86)/atmel/avr32studio/studio/avr32 studio/plugins/com.atmel.avr.toolchains.win32.x86_3.0.0.201009140852/os/win32/x86/bin/../lib/gcc/avr32/4.3.3/../../../../avr32/lib/ucr2\libc.a(lib_a-findfp.o)
 .debug_pubnames
                0x00001db4       0x2e c:/program files (x86)/atmel/avr32studio/studio/avr32 studio/plugins/com.atmel.avr.toolchains.win32.x86_3.0.0.201009140852/os/win32/x86/bin/../lib/gcc/avr32/4.3.3/../../../../avr32/lib/ucr2\libc.a(lib_a-fwalk.o)
 .debug_pubnames
                0x00001de2       0x26 c:/program files (x86)/atmel/avr32studio/studio/avr32 studio/plugins/com.atmel.avr.toolchains.win32.x86_3.0.0.201009140852/os/win32/x86/bin/../lib/gcc/avr32/4.3.3/../../../../avr32/lib/ucr2\libc.a(lib_a-malloc.o)
 .debug_pubnames
                0x00001e08       0xce c:/program files (x86)/atmel/avr32studio/studio/avr32 studio/plugins/com.atmel.avr.toolchains.win32.x86_3.0.0.201009140852/os/win32/x86/bin/../lib/gcc/avr32/4.3.3/../../../../avr32/lib/ucr2\libc.a(lib_a-mallocr.o)
 .debug_pubnames
                0x00001ed6       0x38 c:/program files (x86)/atmel/avr32studio/studio/avr32 studio/plugins/com.atmel.avr.toolchains.win32.x86_3.0.0.201009140852/os/win32/x86/bin/../lib/gcc/avr32/4.3.3/../../../../avr32/lib/ucr2\libc.a(lib_a-mlock.o)
 .debug_pubnames
                0x00001f0e       0x52 c:/program files (x86)/atmel/avr32studio/studio/avr32 studio/plugins/com.atmel.avr.toolchains.win32.x86_3.0.0.201009140852/os/win32/x86/bin/../lib/gcc/avr32/4.3.3/../../../../avr32/lib/ucr2\libc.a(lib_a-reent.o)
 .debug_pubnames
                0x00001f60       0x1e c:/program files (x86)/atmel/avr32studio/studio/avr32 studio/plugins/com.atmel.avr.toolchains.win32.x86_3.0.0.201009140852/os/win32/x86/bin/../lib/gcc/avr32/4.3.3/../../../../avr32/lib/ucr2\libc.a(lib_a-sbrkr.o)
 .debug_pubnames
                0x00001f7e       0x44 c:/program files (x86)/atmel/avr32studio/studio/avr32 studio/plugins/com.atmel.avr.toolchains.win32.x86_3.0.0.201009140852/os/win32/x86/bin/../lib/gcc/avr32/4.3.3/../../../../avr32/lib/ucr2\libc.a(lib_a-stdio.o)
 .debug_pubnames
                0x00001fc2       0x1f c:/program files (x86)/atmel/avr32studio/studio/avr32 studio/plugins/com.atmel.avr.toolchains.win32.x86_3.0.0.201009140852/os/win32/x86/bin/../lib/gcc/avr32/4.3.3/../../../../avr32/lib/ucr2\libc.a(lib_a-writer.o)
 .debug_pubnames
                0x00001fe1       0x1f c:/program files (x86)/atmel/avr32studio/studio/avr32 studio/plugins/com.atmel.avr.toolchains.win32.x86_3.0.0.201009140852/os/win32/x86/bin/../lib/gcc/avr32/4.3.3/../../../../avr32/lib/ucr2\libc.a(lib_a-closer.o)
 .debug_pubnames
                0x00002000       0x2b c:/program files (x86)/atmel/avr32studio/studio/avr32 studio/plugins/com.atmel.avr.toolchains.win32.x86_3.0.0.201009140852/os/win32/x86/bin/../lib/gcc/avr32/4.3.3/../../../../avr32/lib/ucr2\libc.a(lib_a-fclose.o)
 .debug_pubnames
                0x0000202b       0x2b c:/program files (x86)/atmel/avr32studio/studio/avr32 studio/plugins/com.atmel.avr.toolchains.win32.x86_3.0.0.201009140852/os/win32/x86/bin/../lib/gcc/avr32/4.3.3/../../../../avr32/lib/ucr2\libc.a(lib_a-fflush.o)
 .debug_pubnames
                0x00002056       0x31 c:/program files (x86)/atmel/avr32studio/studio/avr32 studio/plugins/com.atmel.avr.toolchains.win32.x86_3.0.0.201009140852/os/win32/x86/bin/../lib/gcc/avr32/4.3.3/../../../../avr32/lib/ucr2\libc.a(lib_a-freer.o)
 .debug_pubnames
                0x00002087       0x1f c:/program files (x86)/atmel/avr32studio/studio/avr32 studio/plugins/com.atmel.avr.toolchains.win32.x86_3.0.0.201009140852/os/win32/x86/bin/../lib/gcc/avr32/4.3.3/../../../../avr32/lib/ucr2\libc.a(lib_a-lseekr.o)
 .debug_pubnames
                0x000020a6       0x1e c:/program files (x86)/atmel/avr32studio/studio/avr32 studio/plugins/com.atmel.avr.toolchains.win32.x86_3.0.0.201009140852/os/win32/x86/bin/../lib/gcc/avr32/4.3.3/../../../../avr32/lib/ucr2\libc.a(lib_a-readr.o)

.debug_info     0x00000000    0x1a469
 *(.debug_info .gnu.linkonce.wi.*)
 .debug_info    0x00000000       0x65 uCOS-II\Source\os_tmr.o
 .debug_info    0x00000065      0x546 uCOS-II\Source\os_time.o
 .debug_info    0x000005ab      0xa19 uCOS-II\Source\os_task.o
 .debug_info    0x00000fc4      0x6de uCOS-II\Source\os_sem.o
 .debug_info    0x000016a2      0x949 uCOS-II\Source\os_q.o
 .debug_info    0x00001feb       0x65 uCOS-II\Source\os_mutex.o
 .debug_info    0x00002050      0x490 uCOS-II\Source\os_mem.o
 .debug_info    0x000024e0       0x65 uCOS-II\Source\os_mbox.o
 .debug_info    0x00002545      0xa2d uCOS-II\Source\os_flag.o
 .debug_info    0x00002f72      0xeac uCOS-II\Source\os_core.o
 .debug_info    0x00003e1e      0xad9 uCOS-II\Ports\AVR32\UC3\GNU\os_dbg.o
 .debug_info    0x000048f7      0x550 uCOS-II\Ports\AVR32\UC3\GNU\os_cpu_c.o
 .debug_info    0x00004e47       0x98 uCOS-II\Ports\AVR32\UC3\GNU\os_cpu_a.o
 .debug_info    0x00004edf       0x8e uC-CPU\AVR32\UC3\GNU\cpu_a.o
 .debug_info    0x00004f6d      0xb99 sdramc\sdramc.o
 .debug_info    0x00005b06      0x896 sdramc\gpio.o
 .debug_info    0x0000639c       0x7b BSP\vectors.o
 .debug_info    0x00006417      0xb0a BSP\pdca.o
 .debug_info    0x00006f21     0x39a0 BSP\bsp.o
 .debug_info    0x0000a8c1     0x100b App\app.o
 .debug_info    0x0000b8cc     0x1805 App\UartPrint.o
 .debug_info    0x0000d0d1        0x0 .metadata\.plugins\org.eclipse.cdt.make.core\specs.o
 .debug_info    0x0000d0d1      0x189 c:/program files (x86)/atmel/avr32studio/studio/avr32 studio/plugins/com.atmel.avr.toolchains.win32.x86_3.0.0.201009140852/os/win32/x86/bin/../lib/gcc/avr32/4.3.3/../../../../avr32/lib/ucr2\libm.a(lib_a-w_sqrt.o)
 .debug_info    0x0000d25a      0x225 c:/program files (x86)/atmel/avr32studio/studio/avr32 studio/plugins/com.atmel.avr.toolchains.win32.x86_3.0.0.201009140852/os/win32/x86/bin/../lib/gcc/avr32/4.3.3/../../../../avr32/lib/ucr2\libm.a(lib_a-e_sqrt.o)
 .debug_info    0x0000d47f      0x14c c:/program files (x86)/atmel/avr32studio/studio/avr32 studio/plugins/com.atmel.avr.toolchains.win32.x86_3.0.0.201009140852/os/win32/x86/bin/../lib/gcc/avr32/4.3.3/../../../../avr32/lib/ucr2\libm.a(lib_a-s_isnand.o)
 .debug_info    0x0000d5cb       0xbf c:/program files (x86)/atmel/avr32studio/studio/avr32 studio/plugins/com.atmel.avr.toolchains.win32.x86_3.0.0.201009140852/os/win32/x86/bin/../lib/gcc/avr32/4.3.3/../../../../avr32/lib/ucr2\libm.a(lib_a-s_lib_ver.o)
 .debug_info    0x0000d68a      0x131 c:/program files (x86)/atmel/avr32studio/studio/avr32 studio/plugins/com.atmel.avr.toolchains.win32.x86_3.0.0.201009140852/os/win32/x86/bin/../lib/gcc/avr32/4.3.3/../../../../avr32/lib/ucr2\libm.a(lib_a-s_matherr.o)
 .debug_info    0x0000d7bb       0xc5 c:/program files (x86)/atmel/avr32studio/studio/avr32 studio/plugins/com.atmel.avr.toolchains.win32.x86_3.0.0.201009140852/os/win32/x86/bin/../lib/gcc/avr32/4.3.3/../../../../avr32/lib/ucr2\libc.a(lib_a-atexit.o)
 .debug_info    0x0000d880      0x8a6 c:/program files (x86)/atmel/avr32studio/studio/avr32 studio/plugins/com.atmel.avr.toolchains.win32.x86_3.0.0.201009140852/os/win32/x86/bin/../lib/gcc/avr32/4.3.3/../../../../avr32/lib/ucr2\libc.a(lib_a-errno.o)
 .debug_info    0x0000e126      0x8b7 c:/program files (x86)/atmel/avr32studio/studio/avr32 studio/plugins/com.atmel.avr.toolchains.win32.x86_3.0.0.201009140852/os/win32/x86/bin/../lib/gcc/avr32/4.3.3/../../../../avr32/lib/ucr2\libc.a(lib_a-exit.o)
 .debug_info    0x0000e9dd      0x95e c:/program files (x86)/atmel/avr32studio/studio/avr32 studio/plugins/com.atmel.avr.toolchains.win32.x86_3.0.0.201009140852/os/win32/x86/bin/../lib/gcc/avr32/4.3.3/../../../../avr32/lib/ucr2\libc.a(lib_a-impure.o)
 .debug_info    0x0000f33b       0xcd c:/program files (x86)/atmel/avr32studio/studio/avr32 studio/plugins/com.atmel.avr.toolchains.win32.x86_3.0.0.201009140852/os/win32/x86/bin/../lib/gcc/avr32/4.3.3/../../../../avr32/lib/ucr2\libc.a(lib_a-memset.o)
 .debug_info    0x0000f408       0xbe c:/program files (x86)/atmel/avr32studio/studio/avr32 studio/plugins/com.atmel.avr.toolchains.win32.x86_3.0.0.201009140852/os/win32/x86/bin/../lib/gcc/avr32/4.3.3/../../../../avr32/lib/ucr2\libc.a(lib_a-strlen.o)
 .debug_info    0x0000f4c6      0x93e c:/program files (x86)/atmel/avr32studio/studio/avr32 studio/plugins/com.atmel.avr.toolchains.win32.x86_3.0.0.201009140852/os/win32/x86/bin/../lib/gcc/avr32/4.3.3/../../../../avr32/lib/ucr2\libc.a(lib_a-syscalls.o)
 .debug_info    0x0000fe04      0x920 c:/program files (x86)/atmel/avr32studio/studio/avr32 studio/plugins/com.atmel.avr.toolchains.win32.x86_3.0.0.201009140852/os/win32/x86/bin/../lib/gcc/avr32/4.3.3/../../../../avr32/lib/ucr2\libc.a(lib_a-__atexit.o)
 .debug_info    0x00010724      0x931 c:/program files (x86)/atmel/avr32studio/studio/avr32 studio/plugins/com.atmel.avr.toolchains.win32.x86_3.0.0.201009140852/os/win32/x86/bin/../lib/gcc/avr32/4.3.3/../../../../avr32/lib/ucr2\libc.a(lib_a-__call_atexit.o)
 .debug_info    0x00011055      0xc45 c:/program files (x86)/atmel/avr32studio/studio/avr32 studio/plugins/com.atmel.avr.toolchains.win32.x86_3.0.0.201009140852/os/win32/x86/bin/../lib/gcc/avr32/4.3.3/../../../../avr32/lib/ucr2\libc.a(lib_a-findfp.o)
 .debug_info    0x00011c9a      0xa59 c:/program files (x86)/atmel/avr32studio/studio/avr32 studio/plugins/com.atmel.avr.toolchains.win32.x86_3.0.0.201009140852/os/win32/x86/bin/../lib/gcc/avr32/4.3.3/../../../../avr32/lib/ucr2\libc.a(lib_a-fwalk.o)
 .debug_info    0x000126f3      0x8ea c:/program files (x86)/atmel/avr32studio/studio/avr32 studio/plugins/com.atmel.avr.toolchains.win32.x86_3.0.0.201009140852/os/win32/x86/bin/../lib/gcc/avr32/4.3.3/../../../../avr32/lib/ucr2\libc.a(lib_a-malloc.o)
 .debug_info    0x00012fdd      0xc4a c:/program files (x86)/atmel/avr32studio/studio/avr32 studio/plugins/com.atmel.avr.toolchains.win32.x86_3.0.0.201009140852/os/win32/x86/bin/../lib/gcc/avr32/4.3.3/../../../../avr32/lib/ucr2\libc.a(lib_a-mallocr.o)
 .debug_info    0x00013c27      0x8cf c:/program files (x86)/atmel/avr32studio/studio/avr32 studio/plugins/com.atmel.avr.toolchains.win32.x86_3.0.0.201009140852/os/win32/x86/bin/../lib/gcc/avr32/4.3.3/../../../../avr32/lib/ucr2\libc.a(lib_a-mlock.o)
 .debug_info    0x000144f6      0x972 c:/program files (x86)/atmel/avr32studio/studio/avr32 studio/plugins/com.atmel.avr.toolchains.win32.x86_3.0.0.201009140852/os/win32/x86/bin/../lib/gcc/avr32/4.3.3/../../../../avr32/lib/ucr2\libc.a(lib_a-reent.o)
 .debug_info    0x00014e68      0x8de c:/program files (x86)/atmel/avr32studio/studio/avr32 studio/plugins/com.atmel.avr.toolchains.win32.x86_3.0.0.201009140852/os/win32/x86/bin/../lib/gcc/avr32/4.3.3/../../../../avr32/lib/ucr2\libc.a(lib_a-sbrkr.o)
 .debug_info    0x00015746      0xa28 c:/program files (x86)/atmel/avr32studio/studio/avr32 studio/plugins/com.atmel.avr.toolchains.win32.x86_3.0.0.201009140852/os/win32/x86/bin/../lib/gcc/avr32/4.3.3/../../../../avr32/lib/ucr2\libc.a(lib_a-stdio.o)
 .debug_info    0x0001616e      0x90d c:/program files (x86)/atmel/avr32studio/studio/avr32 studio/plugins/com.atmel.avr.toolchains.win32.x86_3.0.0.201009140852/os/win32/x86/bin/../lib/gcc/avr32/4.3.3/../../../../avr32/lib/ucr2\libc.a(lib_a-writer.o)
 .debug_info    0x00016a7b      0x8d2 c:/program files (x86)/atmel/avr32studio/studio/avr32 studio/plugins/com.atmel.avr.toolchains.win32.x86_3.0.0.201009140852/os/win32/x86/bin/../lib/gcc/avr32/4.3.3/../../../../avr32/lib/ucr2\libc.a(lib_a-closer.o)
 .debug_info    0x0001734d      0x9bb c:/program files (x86)/atmel/avr32studio/studio/avr32 studio/plugins/com.atmel.avr.toolchains.win32.x86_3.0.0.201009140852/os/win32/x86/bin/../lib/gcc/avr32/4.3.3/../../../../avr32/lib/ucr2\libc.a(lib_a-fclose.o)
 .debug_info    0x00017d08      0xa21 c:/program files (x86)/atmel/avr32studio/studio/avr32 studio/plugins/com.atmel.avr.toolchains.win32.x86_3.0.0.201009140852/os/win32/x86/bin/../lib/gcc/avr32/4.3.3/../../../../avr32/lib/ucr2\libc.a(lib_a-fflush.o)
 .debug_info    0x00018729      0xb3f c:/program files (x86)/atmel/avr32studio/studio/avr32 studio/plugins/com.atmel.avr.toolchains.win32.x86_3.0.0.201009140852/os/win32/x86/bin/../lib/gcc/avr32/4.3.3/../../../../avr32/lib/ucr2\libc.a(lib_a-freer.o)
 .debug_info    0x00019268      0x8fb c:/program files (x86)/atmel/avr32studio/studio/avr32 studio/plugins/com.atmel.avr.toolchains.win32.x86_3.0.0.201009140852/os/win32/x86/bin/../lib/gcc/avr32/4.3.3/../../../../avr32/lib/ucr2\libc.a(lib_a-lseekr.o)
 .debug_info    0x00019b63      0x906 c:/program files (x86)/atmel/avr32studio/studio/avr32 studio/plugins/com.atmel.avr.toolchains.win32.x86_3.0.0.201009140852/os/win32/x86/bin/../lib/gcc/avr32/4.3.3/../../../../avr32/lib/ucr2\libc.a(lib_a-readr.o)

.debug_abbrev   0x00000000     0x4128
 *(.debug_abbrev)
 .debug_abbrev  0x00000000       0x2a uCOS-II\Source\os_tmr.o
 .debug_abbrev  0x0000002a      0x13f uCOS-II\Source\os_time.o
 .debug_abbrev  0x00000169      0x159 uCOS-II\Source\os_task.o
 .debug_abbrev  0x000002c2      0x158 uCOS-II\Source\os_sem.o
 .debug_abbrev  0x0000041a      0x158 uCOS-II\Source\os_q.o
 .debug_abbrev  0x00000572       0x2a uCOS-II\Source\os_mutex.o
 .debug_abbrev  0x0000059c      0x151 uCOS-II\Source\os_mem.o
 .debug_abbrev  0x000006ed       0x2a uCOS-II\Source\os_mbox.o
 .debug_abbrev  0x00000717      0x166 uCOS-II\Source\os_flag.o
 .debug_abbrev  0x0000087d      0x1d3 uCOS-II\Source\os_core.o
 .debug_abbrev  0x00000a50       0xdc uCOS-II\Ports\AVR32\UC3\GNU\os_dbg.o
 .debug_abbrev  0x00000b2c      0x154 uCOS-II\Ports\AVR32\UC3\GNU\os_cpu_c.o
 .debug_abbrev  0x00000c80       0x14 uCOS-II\Ports\AVR32\UC3\GNU\os_cpu_a.o
 .debug_abbrev  0x00000c94       0x14 uC-CPU\AVR32\UC3\GNU\cpu_a.o
 .debug_abbrev  0x00000ca8      0x1a9 sdramc\sdramc.o
 .debug_abbrev  0x00000e51      0x1b2 sdramc\gpio.o
 .debug_abbrev  0x00001003       0x12 BSP\vectors.o
 .debug_abbrev  0x00001015      0x25b BSP\pdca.o
 .debug_abbrev  0x00001270      0x282 BSP\bsp.o
 .debug_abbrev  0x000014f2      0x268 App\app.o
 .debug_abbrev  0x0000175a      0x223 App\UartPrint.o
 .debug_abbrev  0x0000197d        0x1 .metadata\.plugins\org.eclipse.cdt.make.core\specs.o
 .debug_abbrev  0x0000197e       0xee c:/program files (x86)/atmel/avr32studio/studio/avr32 studio/plugins/com.atmel.avr.toolchains.win32.x86_3.0.0.201009140852/os/win32/x86/bin/../lib/gcc/avr32/4.3.3/../../../../avr32/lib/ucr2\libm.a(lib_a-w_sqrt.o)
 .debug_abbrev  0x00001a6c      0x138 c:/program files (x86)/atmel/avr32studio/studio/avr32 studio/plugins/com.atmel.avr.toolchains.win32.x86_3.0.0.201009140852/os/win32/x86/bin/../lib/gcc/avr32/4.3.3/../../../../avr32/lib/ucr2\libm.a(lib_a-e_sqrt.o)
 .debug_abbrev  0x00001ba4       0xce c:/program files (x86)/atmel/avr32studio/studio/avr32 studio/plugins/com.atmel.avr.toolchains.win32.x86_3.0.0.201009140852/os/win32/x86/bin/../lib/gcc/avr32/4.3.3/../../../../avr32/lib/ucr2\libm.a(lib_a-s_isnand.o)
 .debug_abbrev  0x00001c72       0x5a c:/program files (x86)/atmel/avr32studio/studio/avr32 studio/plugins/com.atmel.avr.toolchains.win32.x86_3.0.0.201009140852/os/win32/x86/bin/../lib/gcc/avr32/4.3.3/../../../../avr32/lib/ucr2\libm.a(lib_a-s_lib_ver.o)